Copyright 1986-2022 Xilinx, Inc. All Rights Reserved. Copyright 2022-2025 Advanced Micro Devices, Inc. All Rights Reserved.
---------------------------------------------------------------------------------------------------------------------------------------------
| Tool Version : Vivado v.2025.1 (win64) Build 6140274 Thu May 22 00:12:29 MDT 2025
| Date         : Wed Apr 22 00:50:00 2026
| Host         : Workstation running 64-bit major release  (build 9200)
| Command      : report_control_sets -verbose -file design_1_wrapper_control_sets_placed.rpt
| Design       : design_1_wrapper
| Device       : xc7s50
---------------------------------------------------------------------------------------------------------------------------------------------

Control Set Information

Table of Contents
-----------------
1. Summary
2. Histogram
3. Flip-Flop Distribution
4. Detailed Control Set Information

1. Summary
----------

+----------------------------------------------------------+-------+
|                          Status                          | Count |
+----------------------------------------------------------+-------+
| Total control sets                                       |   130 |
|    Minimum number of control sets                        |   130 |
|    Addition due to synthesis replication                 |     0 |
|    Addition due to physical synthesis replication        |     0 |
| Unused register locations in slices containing registers |   255 |
+----------------------------------------------------------+-------+
* Control sets can be merged at opt_design using control_set_merge or merge_equivalent_drivers
** Run report_qor_suggestions for automated merging and remapping suggestions


2. Histogram
------------

+--------------------+-------+
|       Fanout       | Count |
+--------------------+-------+
| Total control sets |   130 |
| >= 0 to < 4        |    22 |
| >= 4 to < 6        |     9 |
| >= 6 to < 8        |     2 |
| >= 8 to < 10       |     7 |
| >= 10 to < 12      |     2 |
| >= 12 to < 14      |     3 |
| >= 14 to < 16      |     2 |
| >= 16              |    83 |
+--------------------+-------+
* Control sets can be remapped at either synth_design or opt_design


3. Flip-Flop Distribution
-------------------------

+--------------+-----------------------+------------------------+-----------------+--------------+
| Clock Enable | Synchronous Set/Reset | Asynchronous Set/Reset | Total Registers | Total Slices |
+--------------+-----------------------+------------------------+-----------------+--------------+
| No           | No                    | No                     |              23 |            6 |
| No           | No                    | Yes                    |             718 |          238 |
| No           | Yes                   | No                     |              25 |           22 |
| Yes          | No                    | No                     |               0 |            0 |
| Yes          | No                    | Yes                    |            5693 |         2276 |
| Yes          | Yes                   | No                     |               6 |            1 |
+--------------+-----------------------+------------------------+-----------------+--------------+


4. Detailed Control Set Information
-----------------------------------

+-----------------------------------------------------------------------------------------------------------------------------------------------------------------------+---------------------------------------------------------------------------------------------------------------------------------------------------------------------------------+---------------------------------------------------------------------------------------------------------------------------------------------------------------------------------------------+------------------+----------------+--------------+
|                                                                              Clock Signal                                                                             |                                                                                  Enable Signal                                                                                  |                                                                                       Set/Reset Signal                                                                                      | Slice Load Count | Bel Load Count | Bels / Slice |
+-----------------------------------------------------------------------------------------------------------------------------------------------------------------------+---------------------------------------------------------------------------------------------------------------------------------------------------------------------------------+---------------------------------------------------------------------------------------------------------------------------------------------------------------------------------------------+------------------+----------------+--------------+
|  design_1_i/neorv32_vivado_ip_0/U0/neorv32_top_inst/io_system.neorv32_trng_enabled.neorv32_trng_inst/neoTRNG_inst/entropy_cell_gen[0].neoTRNG_cell_inst/sreg[2]       |                                                                                                                                                                                 | design_1_i/neorv32_vivado_ip_0/U0/neorv32_top_inst/io_system.neorv32_trng_enabled.neorv32_trng_inst/neoTRNG_inst/entropy_cell_gen[0].neoTRNG_cell_inst/ring_osc_gen[0].latch_reg[0]_i_2_n_0 |                1 |              1 |         1.00 |
|  design_1_i/neorv32_vivado_ip_0/U0/neorv32_top_inst/io_system.neorv32_trng_enabled.neorv32_trng_inst/neoTRNG_inst/entropy_cell_gen[2].neoTRNG_cell_inst/sreg[3]       |                                                                                                                                                                                 | design_1_i/neorv32_vivado_ip_0/U0/neorv32_top_inst/io_system.neorv32_trng_enabled.neorv32_trng_inst/neoTRNG_inst/entropy_cell_gen[1].neoTRNG_cell_inst/sreg_reg[6]_0                        |                1 |              1 |         1.00 |
|  design_1_i/neorv32_vivado_ip_0/U0/neorv32_top_inst/io_system.neorv32_trng_enabled.neorv32_trng_inst/neoTRNG_inst/entropy_cell_gen[2].neoTRNG_cell_inst/sreg[2]       |                                                                                                                                                                                 | design_1_i/neorv32_vivado_ip_0/U0/neorv32_top_inst/io_system.neorv32_trng_enabled.neorv32_trng_inst/neoTRNG_inst/entropy_cell_gen[1].neoTRNG_cell_inst/sreg_reg[6]_0                        |                1 |              1 |         1.00 |
|  design_1_i/neorv32_vivado_ip_0/U0/neorv32_top_inst/io_system.neorv32_trng_enabled.neorv32_trng_inst/neoTRNG_inst/entropy_cell_gen[0].neoTRNG_cell_inst/Q[0]          |                                                                                                                                                                                 | design_1_i/neorv32_vivado_ip_0/U0/neorv32_top_inst/io_system.neorv32_trng_enabled.neorv32_trng_inst/neoTRNG_inst/entropy_cell_gen[0].neoTRNG_cell_inst/ring_osc_gen[0].latch_reg[0]_i_2_n_0 |                1 |              1 |         1.00 |
|  design_1_i/neorv32_vivado_ip_0/U0/neorv32_top_inst/io_system.neorv32_trng_enabled.neorv32_trng_inst/neoTRNG_inst/entropy_cell_gen[2].neoTRNG_cell_inst/sreg[1]       |                                                                                                                                                                                 | design_1_i/neorv32_vivado_ip_0/U0/neorv32_top_inst/io_system.neorv32_trng_enabled.neorv32_trng_inst/neoTRNG_inst/entropy_cell_gen[1].neoTRNG_cell_inst/sreg_reg[6]_0                        |                1 |              1 |         1.00 |
|  design_1_i/neorv32_vivado_ip_0/U0/neorv32_top_inst/io_system.neorv32_trng_enabled.neorv32_trng_inst/neoTRNG_inst/entropy_cell_gen[2].neoTRNG_cell_inst/sreg[0]       |                                                                                                                                                                                 | design_1_i/neorv32_vivado_ip_0/U0/neorv32_top_inst/io_system.neorv32_trng_enabled.neorv32_trng_inst/neoTRNG_inst/entropy_cell_gen[1].neoTRNG_cell_inst/sreg_reg[6]_0                        |                1 |              1 |         1.00 |
|  design_1_i/neorv32_vivado_ip_0/U0/neorv32_top_inst/io_system.neorv32_trng_enabled.neorv32_trng_inst/neoTRNG_inst/entropy_cell_gen[1].neoTRNG_cell_inst/Q[0]          |                                                                                                                                                                                 | design_1_i/neorv32_vivado_ip_0/U0/neorv32_top_inst/io_system.neorv32_trng_enabled.neorv32_trng_inst/neoTRNG_inst/entropy_cell_gen[0].neoTRNG_cell_inst/sreg_reg[4]_0                        |                1 |              1 |         1.00 |
|  design_1_i/neorv32_vivado_ip_0/U0/neorv32_top_inst/io_system.neorv32_trng_enabled.neorv32_trng_inst/neoTRNG_inst/entropy_cell_gen[1].neoTRNG_cell_inst/sreg[3]       |                                                                                                                                                                                 | design_1_i/neorv32_vivado_ip_0/U0/neorv32_top_inst/io_system.neorv32_trng_enabled.neorv32_trng_inst/neoTRNG_inst/entropy_cell_gen[0].neoTRNG_cell_inst/sreg_reg[4]_0                        |                1 |              1 |         1.00 |
|  design_1_i/clk_wiz_0/inst/clk_out1                                                                                                                                   | design_1_i/neorv32_vivado_ip_0/U0/neorv32_top_inst/soc_generators.neorv32_sys_clock_inst/uart_clk                                                                               | design_1_i/neorv32_vivado_ip_0/U0/neorv32_top_inst/soc_generators.neorv32_sys_reset_inst/rstn_sys                                                                                           |                1 |              1 |         1.00 |
|  design_1_i/neorv32_vivado_ip_0/U0/neorv32_top_inst/io_system.neorv32_trng_enabled.neorv32_trng_inst/neoTRNG_inst/entropy_cell_gen[1].neoTRNG_cell_inst/sreg[1]       |                                                                                                                                                                                 | design_1_i/neorv32_vivado_ip_0/U0/neorv32_top_inst/io_system.neorv32_trng_enabled.neorv32_trng_inst/neoTRNG_inst/entropy_cell_gen[0].neoTRNG_cell_inst/sreg_reg[4]_0                        |                1 |              1 |         1.00 |
|  design_1_i/neorv32_vivado_ip_0/U0/neorv32_top_inst/io_system.neorv32_trng_enabled.neorv32_trng_inst/neoTRNG_inst/entropy_cell_gen[1].neoTRNG_cell_inst/sreg[0]       |                                                                                                                                                                                 | design_1_i/neorv32_vivado_ip_0/U0/neorv32_top_inst/io_system.neorv32_trng_enabled.neorv32_trng_inst/neoTRNG_inst/entropy_cell_gen[0].neoTRNG_cell_inst/sreg_reg[4]_0                        |                1 |              1 |         1.00 |
|  design_1_i/neorv32_vivado_ip_0/U0/neorv32_top_inst/io_system.neorv32_trng_enabled.neorv32_trng_inst/neoTRNG_inst/entropy_cell_gen[1].neoTRNG_cell_inst/sreg[2]       |                                                                                                                                                                                 | design_1_i/neorv32_vivado_ip_0/U0/neorv32_top_inst/io_system.neorv32_trng_enabled.neorv32_trng_inst/neoTRNG_inst/entropy_cell_gen[0].neoTRNG_cell_inst/sreg_reg[4]_0                        |                1 |              1 |         1.00 |
|  design_1_i/neorv32_vivado_ip_0/U0/neorv32_top_inst/io_system.neorv32_trng_enabled.neorv32_trng_inst/neoTRNG_inst/entropy_cell_gen[1].neoTRNG_cell_inst/sreg[4]       |                                                                                                                                                                                 | design_1_i/neorv32_vivado_ip_0/U0/neorv32_top_inst/io_system.neorv32_trng_enabled.neorv32_trng_inst/neoTRNG_inst/entropy_cell_gen[0].neoTRNG_cell_inst/sreg_reg[4]_0                        |                1 |              1 |         1.00 |
|  design_1_i/neorv32_vivado_ip_0/U0/neorv32_top_inst/io_system.neorv32_trng_enabled.neorv32_trng_inst/neoTRNG_inst/entropy_cell_gen[1].neoTRNG_cell_inst/sreg[5]       |                                                                                                                                                                                 | design_1_i/neorv32_vivado_ip_0/U0/neorv32_top_inst/io_system.neorv32_trng_enabled.neorv32_trng_inst/neoTRNG_inst/entropy_cell_gen[0].neoTRNG_cell_inst/sreg_reg[4]_0                        |                1 |              1 |         1.00 |
|  design_1_i/neorv32_vivado_ip_0/U0/neorv32_top_inst/io_system.neorv32_trng_enabled.neorv32_trng_inst/neoTRNG_inst/entropy_cell_gen[0].neoTRNG_cell_inst/sreg[0]       |                                                                                                                                                                                 | design_1_i/neorv32_vivado_ip_0/U0/neorv32_top_inst/io_system.neorv32_trng_enabled.neorv32_trng_inst/neoTRNG_inst/entropy_cell_gen[0].neoTRNG_cell_inst/ring_osc_gen[0].latch_reg[0]_i_2_n_0 |                1 |              1 |         1.00 |
|  design_1_i/neorv32_vivado_ip_0/U0/neorv32_top_inst/io_system.neorv32_trng_enabled.neorv32_trng_inst/neoTRNG_inst/entropy_cell_gen[0].neoTRNG_cell_inst/sreg[1]       |                                                                                                                                                                                 | design_1_i/neorv32_vivado_ip_0/U0/neorv32_top_inst/io_system.neorv32_trng_enabled.neorv32_trng_inst/neoTRNG_inst/entropy_cell_gen[0].neoTRNG_cell_inst/ring_osc_gen[0].latch_reg[0]_i_2_n_0 |                1 |              1 |         1.00 |
|  design_1_i/neorv32_vivado_ip_0/U0/neorv32_top_inst/io_system.neorv32_trng_enabled.neorv32_trng_inst/neoTRNG_inst/entropy_cell_gen[0].neoTRNG_cell_inst/sreg[3]       |                                                                                                                                                                                 | design_1_i/neorv32_vivado_ip_0/U0/neorv32_top_inst/io_system.neorv32_trng_enabled.neorv32_trng_inst/neoTRNG_inst/entropy_cell_gen[0].neoTRNG_cell_inst/ring_osc_gen[0].latch_reg[0]_i_2_n_0 |                1 |              1 |         1.00 |
|  design_1_i/neorv32_vivado_ip_0/U0/neorv32_top_inst/io_system.neorv32_trng_enabled.neorv32_trng_inst/neoTRNG_inst/entropy_cell_gen[2].neoTRNG_cell_inst/sreg[4]       |                                                                                                                                                                                 | design_1_i/neorv32_vivado_ip_0/U0/neorv32_top_inst/io_system.neorv32_trng_enabled.neorv32_trng_inst/neoTRNG_inst/entropy_cell_gen[1].neoTRNG_cell_inst/sreg_reg[6]_0                        |                1 |              1 |         1.00 |
|  design_1_i/neorv32_vivado_ip_0/U0/neorv32_top_inst/io_system.neorv32_trng_enabled.neorv32_trng_inst/neoTRNG_inst/entropy_cell_gen[2].neoTRNG_cell_inst/sreg[7]       |                                                                                                                                                                                 | design_1_i/neorv32_vivado_ip_0/U0/neorv32_top_inst/io_system.neorv32_trng_enabled.neorv32_trng_inst/neoTRNG_inst/entropy_cell_gen[1].neoTRNG_cell_inst/sreg_reg[6]_0                        |                1 |              1 |         1.00 |
|  design_1_i/neorv32_vivado_ip_0/U0/neorv32_top_inst/io_system.neorv32_trng_enabled.neorv32_trng_inst/neoTRNG_inst/entropy_cell_gen[2].neoTRNG_cell_inst/sreg[6]       |                                                                                                                                                                                 | design_1_i/neorv32_vivado_ip_0/U0/neorv32_top_inst/io_system.neorv32_trng_enabled.neorv32_trng_inst/neoTRNG_inst/entropy_cell_gen[1].neoTRNG_cell_inst/sreg_reg[6]_0                        |                1 |              1 |         1.00 |
|  design_1_i/neorv32_vivado_ip_0/U0/neorv32_top_inst/io_system.neorv32_trng_enabled.neorv32_trng_inst/neoTRNG_inst/entropy_cell_gen[2].neoTRNG_cell_inst/cell_en_out_2 |                                                                                                                                                                                 | design_1_i/neorv32_vivado_ip_0/U0/neorv32_top_inst/io_system.neorv32_trng_enabled.neorv32_trng_inst/neoTRNG_inst/entropy_cell_gen[1].neoTRNG_cell_inst/sreg_reg[6]_0                        |                1 |              1 |         1.00 |
|  design_1_i/neorv32_vivado_ip_0/U0/neorv32_top_inst/io_system.neorv32_trng_enabled.neorv32_trng_inst/neoTRNG_inst/entropy_cell_gen[2].neoTRNG_cell_inst/sreg[5]       |                                                                                                                                                                                 | design_1_i/neorv32_vivado_ip_0/U0/neorv32_top_inst/io_system.neorv32_trng_enabled.neorv32_trng_inst/neoTRNG_inst/entropy_cell_gen[1].neoTRNG_cell_inst/sreg_reg[6]_0                        |                1 |              1 |         1.00 |
|  design_1_i/clk_wiz_0/inst/clk_out1                                                                                                                                   |                                                                                                                                                                                 | design_1_i/proc_sys_reset_0/U0/EXT_LPF/lpf_int                                                                                                                                              |                1 |              4 |         4.00 |
|  design_1_i/clk_wiz_0/inst/clk_out1                                                                                                                                   | design_1_i/neorv32_vivado_ip_0/U0/neorv32_top_inst/core_complex_gen[0].neorv32_cpu_inst/neorv32_cpu_control_inst/FSM_sequential_exec[state][3]_i_1_n_0                          | design_1_i/neorv32_vivado_ip_0/U0/neorv32_top_inst/soc_generators.neorv32_sys_reset_inst/rstn_sys                                                                                           |                3 |              4 |         1.33 |
|  design_1_i/clk_wiz_0/inst/clk_out1                                                                                                                                   | design_1_i/neorv32_vivado_ip_0/U0/neorv32_top_inst/io_system.neorv32_uart0_enabled.neorv32_uart0_inst/rx_engine[bitcnt][3]_i_1_n_0                                              | design_1_i/neorv32_vivado_ip_0/U0/neorv32_top_inst/soc_generators.neorv32_sys_reset_inst/rstn_sys                                                                                           |                1 |              4 |         4.00 |
|  design_1_i/clk_wiz_0/inst/clk_out1                                                                                                                                   | design_1_i/neorv32_vivado_ip_0/U0/neorv32_top_inst/core_complex_gen[0].neorv32_cpu_inst/neorv32_cpu_frontend_inst/prefetch_buffer[0].ipb_inst/E[0]                              | design_1_i/neorv32_vivado_ip_0/U0/neorv32_top_inst/soc_generators.neorv32_sys_reset_inst/rstn_sys                                                                                           |                2 |              4 |         2.00 |
|  design_1_i/clk_wiz_0/inst/clk_out1                                                                                                                                   | design_1_i/neorv32_vivado_ip_0/U0/neorv32_top_inst/core_complex_gen[0].neorv32_cpu_inst/neorv32_cpu_control_inst/fetch_reg[reset][0]                                            | design_1_i/neorv32_vivado_ip_0/U0/neorv32_top_inst/soc_generators.neorv32_sys_reset_inst/rstn_sys                                                                                           |                1 |              4 |         4.00 |
|  design_1_i/clk_wiz_0/inst/clk_out1                                                                                                                                   | design_1_i/neorv32_vivado_ip_0/U0/neorv32_top_inst/io_system.neorv32_bus_io_switch_inst/neorv32_bus_reg_inst/request_reg_enabled.device_req_o_reg[addr][5]_0[0]                 | design_1_i/neorv32_vivado_ip_0/U0/neorv32_top_inst/soc_generators.neorv32_sys_reset_inst/rstn_sys                                                                                           |                1 |              4 |         4.00 |
|  design_1_i/clk_wiz_0/inst/clk_out1                                                                                                                                   | design_1_i/neorv32_vivado_ip_0/U0/neorv32_top_inst/io_system.neorv32_cfs_enabled.neorv32_cfs_inst/aes_round_cnt[3]_i_1_n_0                                                      | design_1_i/neorv32_vivado_ip_0/U0/neorv32_top_inst/soc_generators.neorv32_sys_reset_inst/rstn_sys                                                                                           |                2 |              4 |         2.00 |
|  design_1_i/clk_wiz_0/inst/clk_out1                                                                                                                                   |                                                                                                                                                                                 | design_1_i/neorv32_vivado_ip_0/U0/neorv32_top_inst/soc_generators.neorv32_sys_reset_inst/sreg_sys[0]_i_1_n_0                                                                                |                2 |              5 |         2.50 |
|  design_1_i/clk_wiz_0/inst/clk_out1                                                                                                                                   | design_1_i/neorv32_vivado_ip_0/U0/neorv32_top_inst/neorv32_bus_gateway_inst/keeper[cnt][4]_i_1_n_0                                                                              | design_1_i/neorv32_vivado_ip_0/U0/neorv32_top_inst/soc_generators.neorv32_sys_reset_inst/rstn_sys                                                                                           |                2 |              5 |         2.50 |
|  design_1_i/clk_wiz_0/inst/clk_out1                                                                                                                                   | design_1_i/proc_sys_reset_0/U0/SEQ/seq_cnt_en                                                                                                                                   | design_1_i/proc_sys_reset_0/U0/SEQ/SEQ_COUNTER/clear                                                                                                                                        |                1 |              6 |         6.00 |
|  design_1_i/clk_wiz_0/inst/clk_out1                                                                                                                                   | design_1_i/neorv32_vivado_ip_0/U0/neorv32_top_inst/io_system.neorv32_bus_io_switch_inst/neorv32_bus_reg_inst/request_reg_enabled.device_req_o_reg[rw]_1                         | design_1_i/neorv32_vivado_ip_0/U0/neorv32_top_inst/soc_generators.neorv32_sys_reset_inst/rstn_sys                                                                                           |                1 |              7 |         7.00 |
|  design_1_i/clk_wiz_0/inst/clk_out1                                                                                                                                   | design_1_i/neorv32_vivado_ip_0/U0/neorv32_top_inst/io_system.neorv32_bus_io_switch_inst/neorv32_bus_reg_inst/request_reg_enabled.device_req_o_reg[rw]_4[0]                      | design_1_i/neorv32_vivado_ip_0/U0/neorv32_top_inst/soc_generators.neorv32_sys_reset_inst/rstn_sys                                                                                           |                2 |              8 |         4.00 |
|  design_1_i/clk_wiz_0/inst/clk_out1                                                                                                                                   | design_1_i/neorv32_vivado_ip_0/U0/neorv32_top_inst/io_system.neorv32_bus_io_switch_inst/neorv32_bus_reg_inst/request_reg_enabled.device_req_o_reg[rw]_5[0]                      | design_1_i/neorv32_vivado_ip_0/U0/neorv32_top_inst/soc_generators.neorv32_sys_reset_inst/rstn_sys                                                                                           |                2 |              8 |         4.00 |
|  design_1_i/clk_wiz_0/inst/clk_out1                                                                                                                                   | design_1_i/neorv32_vivado_ip_0/U0/neorv32_top_inst/io_system.neorv32_bus_io_switch_inst/neorv32_bus_reg_inst/request_reg_enabled.device_req_o_reg[addr][2]_2[0]                 | design_1_i/neorv32_vivado_ip_0/U0/neorv32_top_inst/soc_generators.neorv32_sys_reset_inst/rstn_sys                                                                                           |                1 |              8 |         8.00 |
|  design_1_i/clk_wiz_0/inst/clk_out1                                                                                                                                   | design_1_i/neorv32_vivado_ip_0/U0/neorv32_top_inst/io_system.neorv32_trng_enabled.neorv32_trng_inst/rnd_fifo_inst/we                                                            | design_1_i/neorv32_vivado_ip_0/U0/neorv32_top_inst/soc_generators.neorv32_sys_reset_inst/rstn_sys                                                                                           |                1 |              8 |         8.00 |
|  design_1_i/clk_wiz_0/inst/clk_out1                                                                                                                                   | design_1_i/neorv32_vivado_ip_0/U0/neorv32_top_inst/io_system.neorv32_bus_io_switch_inst/neorv32_bus_reg_inst/request_reg_enabled.device_req_o_reg[rw]_6[0]                      | design_1_i/neorv32_vivado_ip_0/U0/neorv32_top_inst/soc_generators.neorv32_sys_reset_inst/rstn_sys                                                                                           |                1 |              8 |         8.00 |
|  design_1_i/clk_wiz_0/inst/clk_out1                                                                                                                                   | design_1_i/neorv32_vivado_ip_0/U0/neorv32_top_inst/io_system.neorv32_uart0_enabled.neorv32_uart0_inst/rx_engine_fifo_inst/we                                                    | design_1_i/neorv32_vivado_ip_0/U0/neorv32_top_inst/soc_generators.neorv32_sys_reset_inst/rstn_sys                                                                                           |                1 |              8 |         8.00 |
|  design_1_i/clk_wiz_0/inst/clk_out1                                                                                                                                   | design_1_i/neorv32_vivado_ip_0/U0/neorv32_top_inst/io_system.neorv32_uart0_enabled.neorv32_uart0_inst/rx_engine[sreg][8]_i_1_n_0                                                | design_1_i/neorv32_vivado_ip_0/U0/neorv32_top_inst/soc_generators.neorv32_sys_reset_inst/rstn_sys                                                                                           |                2 |              9 |         4.50 |
|  design_1_i/clk_wiz_0/inst/clk_out1                                                                                                                                   | design_1_i/neorv32_vivado_ip_0/U0/neorv32_top_inst/io_system.neorv32_uart0_enabled.neorv32_uart0_inst/rx_engine[baudcnt][9]_i_1_n_0                                             | design_1_i/neorv32_vivado_ip_0/U0/neorv32_top_inst/soc_generators.neorv32_sys_reset_inst/rstn_sys                                                                                           |                4 |             10 |         2.50 |
|  design_1_i/clk_wiz_0/inst/clk_out1                                                                                                                                   | design_1_i/neorv32_vivado_ip_0/U0/neorv32_top_inst/io_system.neorv32_uart0_enabled.neorv32_uart0_inst/tx_engine[baudcnt][9]_i_1_n_0                                             | design_1_i/neorv32_vivado_ip_0/U0/neorv32_top_inst/soc_generators.neorv32_sys_reset_inst/rstn_sys                                                                                           |                5 |             10 |         2.00 |
|  design_1_i/clk_wiz_0/inst/clk_out1                                                                                                                                   | design_1_i/neorv32_vivado_ip_0/U0/neorv32_top_inst/io_system.neorv32_uart0_enabled.neorv32_uart0_inst/tx_engine[bitcnt][3]_i_1_n_0                                              | design_1_i/neorv32_vivado_ip_0/U0/neorv32_top_inst/soc_generators.neorv32_sys_reset_inst/rstn_sys                                                                                           |                3 |             13 |         4.33 |
|  design_1_i/clk_wiz_0/inst/clk_out1                                                                                                                                   | design_1_i/neorv32_vivado_ip_0/U0/neorv32_top_inst/io_system.neorv32_bus_io_switch_inst/neorv32_bus_reg_inst/request_reg_enabled.device_req_o_reg[addr][2]_4[0]                 | design_1_i/neorv32_vivado_ip_0/U0/neorv32_top_inst/soc_generators.neorv32_sys_reset_inst/rstn_sys                                                                                           |                3 |             13 |         4.33 |
|  design_1_i/clk_wiz_0/inst/clk_out1                                                                                                                                   | design_1_i/neorv32_vivado_ip_0/U0/neorv32_top_inst/core_complex_gen[0].neorv32_cpu_inst/neorv32_cpu_frontend_inst/prefetch_buffer[0].ipb_inst/r_pnt_reg[1]_1[0]                 | design_1_i/neorv32_vivado_ip_0/U0/neorv32_top_inst/soc_generators.neorv32_sys_reset_inst/rstn_sys                                                                                           |                3 |             13 |         4.33 |
|  design_1_i/clk_wiz_0/inst/clk_out1                                                                                                                                   | design_1_i/neorv32_vivado_ip_0/U0/neorv32_top_inst/io_system.neorv32_cfs_enabled.neorv32_cfs_inst/gift_round_cnt[5]_i_1_n_0                                                     | design_1_i/neorv32_vivado_ip_0/U0/neorv32_top_inst/soc_generators.neorv32_sys_reset_inst/rstn_sys                                                                                           |                4 |             14 |         3.50 |
|  design_1_i/clk_wiz_0/inst/clk_out1                                                                                                                                   | design_1_i/neorv32_vivado_ip_0/U0/neorv32_top_inst/io_system.neorv32_trng_enabled.neorv32_trng_inst/neoTRNG_inst/sample_sreg                                                    | design_1_i/neorv32_vivado_ip_0/U0/neorv32_top_inst/soc_generators.neorv32_sys_reset_inst/rstn_sys                                                                                           |                3 |             15 |         5.00 |
|  design_1_i/clk_wiz_0/inst/clk_out1                                                                                                                                   | design_1_i/neorv32_vivado_ip_0/U0/neorv32_top_inst/io_system.neorv32_bus_io_switch_inst/neorv32_bus_reg_inst/request_reg_enabled.device_req_o_reg[rw]_3[0]                      | design_1_i/neorv32_vivado_ip_0/U0/neorv32_top_inst/soc_generators.neorv32_sys_reset_inst/rstn_sys                                                                                           |                3 |             16 |         5.33 |
|  design_1_i/clk_wiz_0/inst/clk_out1                                                                                                                                   | design_1_i/neorv32_vivado_ip_0/U0/neorv32_top_inst/core_complex_gen[0].neorv32_cpu_inst/neorv32_cpu_control_inst/csr[mie_firq]                                                  | design_1_i/neorv32_vivado_ip_0/U0/neorv32_top_inst/soc_generators.neorv32_sys_reset_inst/rstn_sys                                                                                           |                6 |             19 |         3.17 |
|  design_1_i/clk_wiz_0/inst/clk_out1                                                                                                                                   |                                                                                                                                                                                 |                                                                                                                                                                                             |                7 |             24 |         3.43 |
|  design_1_i/clk_wiz_0/inst/clk_out1                                                                                                                                   | design_1_i/neorv32_vivado_ip_0/U0/neorv32_top_inst/core_complex_gen[0].neorv32_cpu_inst/neorv32_cpu_control_inst/csr[mepc][31]_i_1_n_0                                          | design_1_i/neorv32_vivado_ip_0/U0/neorv32_top_inst/soc_generators.neorv32_sys_reset_inst/rstn_sys                                                                                           |               11 |             30 |         2.73 |
|  design_1_i/clk_wiz_0/inst/clk_out1                                                                                                                                   | design_1_i/neorv32_vivado_ip_0/U0/neorv32_top_inst/core_complex_gen[0].neorv32_cpu_inst/neorv32_cpu_control_inst/csr[mtvec][31]_i_1_n_0                                         | design_1_i/neorv32_vivado_ip_0/U0/neorv32_top_inst/soc_generators.neorv32_sys_reset_inst/rstn_sys                                                                                           |                9 |             31 |         3.44 |
|  design_1_i/clk_wiz_0/inst/clk_out1                                                                                                                                   | design_1_i/neorv32_vivado_ip_0/U0/neorv32_top_inst/core_complex_gen[0].neorv32_cpu_inst/neorv32_cpu_control_inst/exec[pc2][31]_i_1_n_0                                          | design_1_i/neorv32_vivado_ip_0/U0/neorv32_top_inst/soc_generators.neorv32_sys_reset_inst/rstn_sys                                                                                           |               14 |             31 |         2.21 |
|  design_1_i/clk_wiz_0/inst/clk_out1                                                                                                                                   | design_1_i/neorv32_vivado_ip_0/U0/neorv32_top_inst/core_complex_gen[0].neorv32_cpu_inst/neorv32_cpu_frontend_inst/fetch[addr][31]_i_1_n_0                                       | design_1_i/neorv32_vivado_ip_0/U0/neorv32_top_inst/soc_generators.neorv32_sys_reset_inst/rstn_sys                                                                                           |               13 |             31 |         2.38 |
|  design_1_i/clk_wiz_0/inst/clk_out1                                                                                                                                   | design_1_i/neorv32_vivado_ip_0/U0/neorv32_top_inst/io_system.neorv32_bus_io_switch_inst/neorv32_bus_reg_inst/request_reg_enabled.device_req_o_reg[addr][5]_2[0]                 | design_1_i/neorv32_vivado_ip_0/U0/neorv32_top_inst/soc_generators.neorv32_sys_reset_inst/rstn_sys                                                                                           |               17 |             32 |         1.88 |
|  design_1_i/clk_wiz_0/inst/clk_out1                                                                                                                                   | design_1_i/neorv32_vivado_ip_0/U0/neorv32_top_inst/core_complex_gen[0].neorv32_cpu_inst/neorv32_cpu_control_inst/csr[mscratch][31]_i_1_n_0                                      | design_1_i/neorv32_vivado_ip_0/U0/neorv32_top_inst/soc_generators.neorv32_sys_reset_inst/rstn_sys                                                                                           |               12 |             32 |         2.67 |
|  design_1_i/clk_wiz_0/inst/clk_out1                                                                                                                                   | design_1_i/neorv32_vivado_ip_0/U0/neorv32_top_inst/io_system.neorv32_bus_io_switch_inst/neorv32_bus_reg_inst/request_reg_enabled.device_req_o_reg[rw]_2[0]                      | design_1_i/neorv32_vivado_ip_0/U0/neorv32_top_inst/soc_generators.neorv32_sys_reset_inst/rstn_sys                                                                                           |               11 |             32 |         2.91 |
|  design_1_i/clk_wiz_0/inst/clk_out1                                                                                                                                   | design_1_i/neorv32_vivado_ip_0/U0/neorv32_top_inst/io_system.neorv32_cfs_enabled.neorv32_cfs_inst/aes_rk[0][31]_i_1_n_0                                                         | design_1_i/neorv32_vivado_ip_0/U0/neorv32_top_inst/soc_generators.neorv32_sys_reset_inst/rstn_sys                                                                                           |               22 |             32 |         1.45 |
|  design_1_i/clk_wiz_0/inst/clk_out1                                                                                                                                   | design_1_i/neorv32_vivado_ip_0/U0/neorv32_top_inst/io_system.neorv32_bus_io_switch_inst/neorv32_bus_reg_inst/request_reg_enabled.device_req_o_reg[addr][5]_5[0]                 | design_1_i/neorv32_vivado_ip_0/U0/neorv32_top_inst/soc_generators.neorv32_sys_reset_inst/rstn_sys                                                                                           |                7 |             32 |         4.57 |
|  design_1_i/clk_wiz_0/inst/clk_out1                                                                                                                                   | design_1_i/neorv32_vivado_ip_0/U0/neorv32_top_inst/io_system.neorv32_bus_io_switch_inst/neorv32_bus_reg_inst/request_reg_enabled.device_req_o_reg[addr][4]_0[0]                 | design_1_i/neorv32_vivado_ip_0/U0/neorv32_top_inst/soc_generators.neorv32_sys_reset_inst/rstn_sys                                                                                           |                7 |             32 |         4.57 |
|  design_1_i/clk_wiz_0/inst/clk_out1                                                                                                                                   | design_1_i/neorv32_vivado_ip_0/U0/neorv32_top_inst/io_system.neorv32_bus_io_switch_inst/neorv32_bus_reg_inst/request_reg_enabled.device_req_o_reg[addr][5]_1[0]                 | design_1_i/neorv32_vivado_ip_0/U0/neorv32_top_inst/soc_generators.neorv32_sys_reset_inst/rstn_sys                                                                                           |               13 |             32 |         2.46 |
|  design_1_i/clk_wiz_0/inst/clk_out1                                                                                                                                   | design_1_i/neorv32_vivado_ip_0/U0/neorv32_top_inst/io_system.neorv32_bus_io_switch_inst/neorv32_bus_reg_inst/request_reg_enabled.device_req_o_reg[addr][5]_3[0]                 | design_1_i/neorv32_vivado_ip_0/U0/neorv32_top_inst/soc_generators.neorv32_sys_reset_inst/rstn_sys                                                                                           |                9 |             32 |         3.56 |
|  design_1_i/clk_wiz_0/inst/clk_out1                                                                                                                                   | design_1_i/neorv32_vivado_ip_0/U0/neorv32_top_inst/io_system.neorv32_bus_io_switch_inst/neorv32_bus_reg_inst/request_reg_enabled.device_req_o_reg[addr][5]_4[0]                 | design_1_i/neorv32_vivado_ip_0/U0/neorv32_top_inst/soc_generators.neorv32_sys_reset_inst/rstn_sys                                                                                           |               10 |             32 |         3.20 |
|  design_1_i/clk_wiz_0/inst/clk_out1                                                                                                                                   | design_1_i/neorv32_vivado_ip_0/U0/neorv32_top_inst/io_system.neorv32_bus_io_switch_inst/neorv32_bus_reg_inst/request_reg_enabled.device_req_o_reg[addr][5]_6[0]                 | design_1_i/neorv32_vivado_ip_0/U0/neorv32_top_inst/soc_generators.neorv32_sys_reset_inst/rstn_sys                                                                                           |                6 |             32 |         5.33 |
|  design_1_i/clk_wiz_0/inst/clk_out1                                                                                                                                   | design_1_i/neorv32_vivado_ip_0/U0/neorv32_top_inst/io_system.neorv32_bus_io_switch_inst/neorv32_bus_reg_inst/request_reg_enabled.device_req_o_reg[addr][2]_0[0]                 | design_1_i/neorv32_vivado_ip_0/U0/neorv32_top_inst/soc_generators.neorv32_sys_reset_inst/rstn_sys                                                                                           |               10 |             32 |         3.20 |
|  design_1_i/clk_wiz_0/inst/clk_out1                                                                                                                                   | design_1_i/neorv32_vivado_ip_0/U0/neorv32_top_inst/core_complex_gen[0].neorv32_cpu_inst/neorv32_cpu_alu_inst/neorv32_cpu_alu_shifter_inst/serial_shifter.serial[cnt][4]_i_1_n_0 | design_1_i/neorv32_vivado_ip_0/U0/neorv32_top_inst/soc_generators.neorv32_sys_reset_inst/rstn_sys                                                                                           |               14 |             37 |         2.64 |
|  design_1_i/clk_wiz_0/inst/clk_out1                                                                                                                                   | design_1_i/neorv32_vivado_ip_0/U0/neorv32_top_inst/core_complex_gen[0].neorv32_cpu_inst/neorv32_cpu_frontend_inst/E[0]                                                          | design_1_i/neorv32_vivado_ip_0/U0/neorv32_top_inst/soc_generators.neorv32_sys_reset_inst/rstn_sys                                                                                           |               12 |             42 |         3.50 |
|  design_1_i/clk_wiz_0/inst/clk_out1                                                                                                                                   | design_1_i/neorv32_vivado_ip_0/U0/neorv32_top_inst/core_complex_gen[0].neorv32_cpu_inst/neorv32_cpu_frontend_inst/prefetch_buffer[1].ipb_inst/ipb_reg[we][0]                    |                                                                                                                                                                                             |                6 |             48 |         8.00 |
|  design_1_i/clk_wiz_0/inst/clk_out1                                                                                                                                   | design_1_i/neorv32_vivado_ip_0/U0/neorv32_top_inst/core_complex_gen[0].neorv32_cpu_inst/neorv32_cpu_frontend_inst/prefetch_buffer[0].ipb_inst/r_pnt_reg[1]_2[0]                 | design_1_i/neorv32_vivado_ip_0/U0/neorv32_top_inst/soc_generators.neorv32_sys_reset_inst/rstn_sys                                                                                           |               16 |             63 |         3.94 |
|  design_1_i/clk_wiz_0/inst/clk_out1                                                                                                                                   | design_1_i/neorv32_vivado_ip_0/U0/neorv32_top_inst/io_system.neorv32_cfs_enabled.neorv32_cfs_inst/gift_rk_store[12][63]_i_1_n_0                                                 | design_1_i/neorv32_vivado_ip_0/U0/neorv32_top_inst/soc_generators.neorv32_sys_reset_inst/rstn_sys                                                                                           |               16 |             64 |         4.00 |
|  design_1_i/clk_wiz_0/inst/clk_out1                                                                                                                                   | design_1_i/neorv32_vivado_ip_0/U0/neorv32_top_inst/core_complex_gen[0].neorv32_cpu_inst/neorv32_cpu_control_inst/ctrl[rf_wb_en]                                                 |                                                                                                                                                                                             |                8 |             64 |         8.00 |
|  design_1_i/clk_wiz_0/inst/clk_out1                                                                                                                                   | design_1_i/neorv32_vivado_ip_0/U0/neorv32_top_inst/io_system.neorv32_cfs_enabled.neorv32_cfs_inst/gift_rk_store[34][63]_i_1_n_0                                                 | design_1_i/neorv32_vivado_ip_0/U0/neorv32_top_inst/soc_generators.neorv32_sys_reset_inst/rstn_sys                                                                                           |               20 |             64 |         3.20 |
|  design_1_i/clk_wiz_0/inst/clk_out1                                                                                                                                   | design_1_i/neorv32_vivado_ip_0/U0/neorv32_top_inst/io_system.neorv32_cfs_enabled.neorv32_cfs_inst/gift_rk_store[9][63]_i_1_n_0                                                  | design_1_i/neorv32_vivado_ip_0/U0/neorv32_top_inst/soc_generators.neorv32_sys_reset_inst/rstn_sys                                                                                           |               52 |             64 |         1.23 |
|  design_1_i/clk_wiz_0/inst/clk_out1                                                                                                                                   | design_1_i/neorv32_vivado_ip_0/U0/neorv32_top_inst/io_system.neorv32_cfs_enabled.neorv32_cfs_inst/gift_rk_store[39][63]_i_1_n_0                                                 | design_1_i/neorv32_vivado_ip_0/U0/neorv32_top_inst/soc_generators.neorv32_sys_reset_inst/rstn_sys                                                                                           |               44 |             64 |         1.45 |
|  design_1_i/clk_wiz_0/inst/clk_out1                                                                                                                                   | design_1_i/neorv32_vivado_ip_0/U0/neorv32_top_inst/io_system.neorv32_cfs_enabled.neorv32_cfs_inst/gift_rk_store[4][63]_i_1_n_0                                                  | design_1_i/neorv32_vivado_ip_0/U0/neorv32_top_inst/soc_generators.neorv32_sys_reset_inst/rstn_sys                                                                                           |               30 |             64 |         2.13 |
|  design_1_i/clk_wiz_0/inst/clk_out1                                                                                                                                   | design_1_i/neorv32_vivado_ip_0/U0/neorv32_top_inst/io_system.neorv32_cfs_enabled.neorv32_cfs_inst/gift_rk_store[7][63]_i_1_n_0                                                  | design_1_i/neorv32_vivado_ip_0/U0/neorv32_top_inst/soc_generators.neorv32_sys_reset_inst/rstn_sys                                                                                           |               24 |             64 |         2.67 |
|  design_1_i/clk_wiz_0/inst/clk_out1                                                                                                                                   | design_1_i/neorv32_vivado_ip_0/U0/neorv32_top_inst/io_system.neorv32_cfs_enabled.neorv32_cfs_inst/gift_rk_store[6][63]_i_1_n_0                                                  | design_1_i/neorv32_vivado_ip_0/U0/neorv32_top_inst/soc_generators.neorv32_sys_reset_inst/rstn_sys                                                                                           |               21 |             64 |         3.05 |
|  design_1_i/clk_wiz_0/inst/clk_out1                                                                                                                                   | design_1_i/neorv32_vivado_ip_0/U0/neorv32_top_inst/io_system.neorv32_cfs_enabled.neorv32_cfs_inst/gift_rk_store[14][63]_i_1_n_0                                                 | design_1_i/neorv32_vivado_ip_0/U0/neorv32_top_inst/soc_generators.neorv32_sys_reset_inst/rstn_sys                                                                                           |               23 |             64 |         2.78 |
|  design_1_i/clk_wiz_0/inst/clk_out1                                                                                                                                   | design_1_i/neorv32_vivado_ip_0/U0/neorv32_top_inst/io_system.neorv32_cfs_enabled.neorv32_cfs_inst/gift_rk_store[5][63]_i_1_n_0                                                  | design_1_i/neorv32_vivado_ip_0/U0/neorv32_top_inst/soc_generators.neorv32_sys_reset_inst/rstn_sys                                                                                           |               20 |             64 |         3.20 |
|  design_1_i/clk_wiz_0/inst/clk_out1                                                                                                                                   | design_1_i/neorv32_vivado_ip_0/U0/neorv32_top_inst/io_system.neorv32_cfs_enabled.neorv32_cfs_inst/gift_rk_store[3][63]_i_1_n_0                                                  | design_1_i/neorv32_vivado_ip_0/U0/neorv32_top_inst/soc_generators.neorv32_sys_reset_inst/rstn_sys                                                                                           |               17 |             64 |         3.76 |
|  design_1_i/clk_wiz_0/inst/clk_out1                                                                                                                                   | design_1_i/neorv32_vivado_ip_0/U0/neorv32_top_inst/io_system.neorv32_cfs_enabled.neorv32_cfs_inst/gift_rk_store[8][63]_i_1_n_0                                                  | design_1_i/neorv32_vivado_ip_0/U0/neorv32_top_inst/soc_generators.neorv32_sys_reset_inst/rstn_sys                                                                                           |               36 |             64 |         1.78 |
|  design_1_i/clk_wiz_0/inst/clk_out1                                                                                                                                   | design_1_i/neorv32_vivado_ip_0/U0/neorv32_top_inst/io_system.neorv32_cfs_enabled.neorv32_cfs_inst/gift_rk_store[35][63]_i_1_n_0                                                 | design_1_i/neorv32_vivado_ip_0/U0/neorv32_top_inst/soc_generators.neorv32_sys_reset_inst/rstn_sys                                                                                           |               23 |             64 |         2.78 |
|  design_1_i/clk_wiz_0/inst/clk_out1                                                                                                                                   | design_1_i/neorv32_vivado_ip_0/U0/neorv32_top_inst/io_system.neorv32_cfs_enabled.neorv32_cfs_inst/gift_rk_store[33][63]_i_1_n_0                                                 | design_1_i/neorv32_vivado_ip_0/U0/neorv32_top_inst/soc_generators.neorv32_sys_reset_inst/rstn_sys                                                                                           |               30 |             64 |         2.13 |
|  design_1_i/clk_wiz_0/inst/clk_out1                                                                                                                                   | design_1_i/neorv32_vivado_ip_0/U0/neorv32_top_inst/io_system.neorv32_cfs_enabled.neorv32_cfs_inst/gift_rk_store[13][63]_i_1_n_0                                                 | design_1_i/neorv32_vivado_ip_0/U0/neorv32_top_inst/soc_generators.neorv32_sys_reset_inst/rstn_sys                                                                                           |               19 |             64 |         3.37 |
|  design_1_i/clk_wiz_0/inst/clk_out1                                                                                                                                   | design_1_i/neorv32_vivado_ip_0/U0/neorv32_top_inst/io_system.neorv32_cfs_enabled.neorv32_cfs_inst/gift_rk_store[27][63]_i_1_n_0                                                 | design_1_i/neorv32_vivado_ip_0/U0/neorv32_top_inst/soc_generators.neorv32_sys_reset_inst/rstn_sys                                                                                           |               18 |             64 |         3.56 |
|  design_1_i/clk_wiz_0/inst/clk_out1                                                                                                                                   | design_1_i/neorv32_vivado_ip_0/U0/neorv32_top_inst/io_system.neorv32_cfs_enabled.neorv32_cfs_inst/gift_rk_store[16][63]_i_1_n_0                                                 | design_1_i/neorv32_vivado_ip_0/U0/neorv32_top_inst/soc_generators.neorv32_sys_reset_inst/rstn_sys                                                                                           |               25 |             64 |         2.56 |
|  design_1_i/clk_wiz_0/inst/clk_out1                                                                                                                                   | design_1_i/neorv32_vivado_ip_0/U0/neorv32_top_inst/io_system.neorv32_cfs_enabled.neorv32_cfs_inst/gift_rk_store[38][63]_i_1_n_0                                                 | design_1_i/neorv32_vivado_ip_0/U0/neorv32_top_inst/soc_generators.neorv32_sys_reset_inst/rstn_sys                                                                                           |               34 |             64 |         1.88 |
|  design_1_i/clk_wiz_0/inst/clk_out1                                                                                                                                   | design_1_i/neorv32_vivado_ip_0/U0/neorv32_top_inst/io_system.neorv32_cfs_enabled.neorv32_cfs_inst/gift_rk_store[20][63]_i_1_n_0                                                 | design_1_i/neorv32_vivado_ip_0/U0/neorv32_top_inst/soc_generators.neorv32_sys_reset_inst/rstn_sys                                                                                           |               26 |             64 |         2.46 |
|  design_1_i/clk_wiz_0/inst/clk_out1                                                                                                                                   | design_1_i/neorv32_vivado_ip_0/U0/neorv32_top_inst/io_system.neorv32_cfs_enabled.neorv32_cfs_inst/gift_rk_store[10][63]_i_1_n_0                                                 | design_1_i/neorv32_vivado_ip_0/U0/neorv32_top_inst/soc_generators.neorv32_sys_reset_inst/rstn_sys                                                                                           |               26 |             64 |         2.46 |
|  design_1_i/clk_wiz_0/inst/clk_out1                                                                                                                                   | design_1_i/neorv32_vivado_ip_0/U0/neorv32_top_inst/io_system.neorv32_cfs_enabled.neorv32_cfs_inst/gift_rk_store[29][63]_i_1_n_0                                                 | design_1_i/neorv32_vivado_ip_0/U0/neorv32_top_inst/soc_generators.neorv32_sys_reset_inst/rstn_sys                                                                                           |               24 |             64 |         2.67 |
|  design_1_i/clk_wiz_0/inst/clk_out1                                                                                                                                   | design_1_i/neorv32_vivado_ip_0/U0/neorv32_top_inst/io_system.neorv32_cfs_enabled.neorv32_cfs_inst/gift_rk_store[1][63]_i_1_n_0                                                  | design_1_i/neorv32_vivado_ip_0/U0/neorv32_top_inst/soc_generators.neorv32_sys_reset_inst/rstn_sys                                                                                           |               18 |             64 |         3.56 |
|  design_1_i/clk_wiz_0/inst/clk_out1                                                                                                                                   | design_1_i/neorv32_vivado_ip_0/U0/neorv32_top_inst/io_system.neorv32_cfs_enabled.neorv32_cfs_inst/gift_rk_store[36][63]_i_1_n_0                                                 | design_1_i/neorv32_vivado_ip_0/U0/neorv32_top_inst/soc_generators.neorv32_sys_reset_inst/rstn_sys                                                                                           |               21 |             64 |         3.05 |
|  design_1_i/clk_wiz_0/inst/clk_out1                                                                                                                                   | design_1_i/neorv32_vivado_ip_0/U0/neorv32_top_inst/io_system.neorv32_cfs_enabled.neorv32_cfs_inst/gift_rk_store[30][63]_i_1_n_0                                                 | design_1_i/neorv32_vivado_ip_0/U0/neorv32_top_inst/soc_generators.neorv32_sys_reset_inst/rstn_sys                                                                                           |               23 |             64 |         2.78 |
|  design_1_i/clk_wiz_0/inst/clk_out1                                                                                                                                   | design_1_i/neorv32_vivado_ip_0/U0/neorv32_top_inst/io_system.neorv32_cfs_enabled.neorv32_cfs_inst/gift_rk_store[19][63]_i_1_n_0                                                 | design_1_i/neorv32_vivado_ip_0/U0/neorv32_top_inst/soc_generators.neorv32_sys_reset_inst/rstn_sys                                                                                           |               21 |             64 |         3.05 |
|  design_1_i/clk_wiz_0/inst/clk_out1                                                                                                                                   | design_1_i/neorv32_vivado_ip_0/U0/neorv32_top_inst/io_system.neorv32_cfs_enabled.neorv32_cfs_inst/gift_rk_store[17][63]_i_1_n_0                                                 | design_1_i/neorv32_vivado_ip_0/U0/neorv32_top_inst/soc_generators.neorv32_sys_reset_inst/rstn_sys                                                                                           |               23 |             64 |         2.78 |
|  design_1_i/clk_wiz_0/inst/clk_out1                                                                                                                                   | design_1_i/neorv32_vivado_ip_0/U0/neorv32_top_inst/io_system.neorv32_cfs_enabled.neorv32_cfs_inst/gift_rk_store[22][63]_i_1_n_0                                                 | design_1_i/neorv32_vivado_ip_0/U0/neorv32_top_inst/soc_generators.neorv32_sys_reset_inst/rstn_sys                                                                                           |               32 |             64 |         2.00 |
|  design_1_i/clk_wiz_0/inst/clk_out1                                                                                                                                   | design_1_i/neorv32_vivado_ip_0/U0/neorv32_top_inst/io_system.neorv32_cfs_enabled.neorv32_cfs_inst/gift_rk_store[11][63]_i_1_n_0                                                 | design_1_i/neorv32_vivado_ip_0/U0/neorv32_top_inst/soc_generators.neorv32_sys_reset_inst/rstn_sys                                                                                           |               25 |             64 |         2.56 |
|  design_1_i/clk_wiz_0/inst/clk_out1                                                                                                                                   | design_1_i/neorv32_vivado_ip_0/U0/neorv32_top_inst/io_system.neorv32_cfs_enabled.neorv32_cfs_inst/gift_rk_store[0][63]_i_1_n_0                                                  | design_1_i/neorv32_vivado_ip_0/U0/neorv32_top_inst/soc_generators.neorv32_sys_reset_inst/rstn_sys                                                                                           |               21 |             64 |         3.05 |
|  design_1_i/clk_wiz_0/inst/clk_out1                                                                                                                                   | design_1_i/neorv32_vivado_ip_0/U0/neorv32_top_inst/io_system.neorv32_cfs_enabled.neorv32_cfs_inst/gift_rk_store[32][63]_i_1_n_0                                                 | design_1_i/neorv32_vivado_ip_0/U0/neorv32_top_inst/soc_generators.neorv32_sys_reset_inst/rstn_sys                                                                                           |               15 |             64 |         4.27 |
|  design_1_i/clk_wiz_0/inst/clk_out1                                                                                                                                   | design_1_i/neorv32_vivado_ip_0/U0/neorv32_top_inst/io_system.neorv32_cfs_enabled.neorv32_cfs_inst/gift_rk_store[26][63]_i_1_n_0                                                 | design_1_i/neorv32_vivado_ip_0/U0/neorv32_top_inst/soc_generators.neorv32_sys_reset_inst/rstn_sys                                                                                           |               27 |             64 |         2.37 |
|  design_1_i/clk_wiz_0/inst/clk_out1                                                                                                                                   | design_1_i/neorv32_vivado_ip_0/U0/neorv32_top_inst/io_system.neorv32_cfs_enabled.neorv32_cfs_inst/gift_rk_store[24][63]_i_1_n_0                                                 | design_1_i/neorv32_vivado_ip_0/U0/neorv32_top_inst/soc_generators.neorv32_sys_reset_inst/rstn_sys                                                                                           |               21 |             64 |         3.05 |
|  design_1_i/clk_wiz_0/inst/clk_out1                                                                                                                                   | design_1_i/neorv32_vivado_ip_0/U0/neorv32_top_inst/io_system.neorv32_cfs_enabled.neorv32_cfs_inst/gift_rk_store[2][63]_i_1_n_0                                                  | design_1_i/neorv32_vivado_ip_0/U0/neorv32_top_inst/soc_generators.neorv32_sys_reset_inst/rstn_sys                                                                                           |               20 |             64 |         3.20 |
|  design_1_i/clk_wiz_0/inst/clk_out1                                                                                                                                   | design_1_i/neorv32_vivado_ip_0/U0/neorv32_top_inst/io_system.neorv32_cfs_enabled.neorv32_cfs_inst/gift_rk_store[31][63]_i_1_n_0                                                 | design_1_i/neorv32_vivado_ip_0/U0/neorv32_top_inst/soc_generators.neorv32_sys_reset_inst/rstn_sys                                                                                           |               24 |             64 |         2.67 |
|  design_1_i/clk_wiz_0/inst/clk_out1                                                                                                                                   | design_1_i/neorv32_vivado_ip_0/U0/neorv32_top_inst/io_system.neorv32_cfs_enabled.neorv32_cfs_inst/gift_rk_store[28][63]_i_1_n_0                                                 | design_1_i/neorv32_vivado_ip_0/U0/neorv32_top_inst/soc_generators.neorv32_sys_reset_inst/rstn_sys                                                                                           |               27 |             64 |         2.37 |
|  design_1_i/clk_wiz_0/inst/clk_out1                                                                                                                                   | design_1_i/neorv32_vivado_ip_0/U0/neorv32_top_inst/io_system.neorv32_cfs_enabled.neorv32_cfs_inst/gift_rk_store[18][63]_i_1_n_0                                                 | design_1_i/neorv32_vivado_ip_0/U0/neorv32_top_inst/soc_generators.neorv32_sys_reset_inst/rstn_sys                                                                                           |               21 |             64 |         3.05 |
|  design_1_i/clk_wiz_0/inst/clk_out1                                                                                                                                   | design_1_i/neorv32_vivado_ip_0/U0/neorv32_top_inst/io_system.neorv32_cfs_enabled.neorv32_cfs_inst/gift_rk_store[37][63]_i_1_n_0                                                 | design_1_i/neorv32_vivado_ip_0/U0/neorv32_top_inst/soc_generators.neorv32_sys_reset_inst/rstn_sys                                                                                           |               25 |             64 |         2.56 |
|  design_1_i/clk_wiz_0/inst/clk_out1                                                                                                                                   | design_1_i/neorv32_vivado_ip_0/U0/neorv32_top_inst/io_system.neorv32_cfs_enabled.neorv32_cfs_inst/gift_rk_store[25][63]_i_1_n_0                                                 | design_1_i/neorv32_vivado_ip_0/U0/neorv32_top_inst/soc_generators.neorv32_sys_reset_inst/rstn_sys                                                                                           |               20 |             64 |         3.20 |
|  design_1_i/clk_wiz_0/inst/clk_out1                                                                                                                                   | design_1_i/neorv32_vivado_ip_0/U0/neorv32_top_inst/io_system.neorv32_cfs_enabled.neorv32_cfs_inst/gift_rk_store[23][63]_i_1_n_0                                                 | design_1_i/neorv32_vivado_ip_0/U0/neorv32_top_inst/soc_generators.neorv32_sys_reset_inst/rstn_sys                                                                                           |               37 |             64 |         1.73 |
|  design_1_i/clk_wiz_0/inst/clk_out1                                                                                                                                   | design_1_i/neorv32_vivado_ip_0/U0/neorv32_top_inst/io_system.neorv32_cfs_enabled.neorv32_cfs_inst/gift_rk_store[21][63]_i_1_n_0                                                 | design_1_i/neorv32_vivado_ip_0/U0/neorv32_top_inst/soc_generators.neorv32_sys_reset_inst/rstn_sys                                                                                           |               26 |             64 |         2.46 |
|  design_1_i/clk_wiz_0/inst/clk_out1                                                                                                                                   | design_1_i/neorv32_vivado_ip_0/U0/neorv32_top_inst/io_system.neorv32_cfs_enabled.neorv32_cfs_inst/gift_rk_store[15][63]_i_1_n_0                                                 | design_1_i/neorv32_vivado_ip_0/U0/neorv32_top_inst/soc_generators.neorv32_sys_reset_inst/rstn_sys                                                                                           |               19 |             64 |         3.37 |
|  design_1_i/clk_wiz_0/inst/clk_out1                                                                                                                                   | design_1_i/neorv32_vivado_ip_0/U0/neorv32_top_inst/core_complex_gen[0].neorv32_cpu_inst/neorv32_cpu_control_inst/csr[mcause]                                                    | design_1_i/neorv32_vivado_ip_0/U0/neorv32_top_inst/soc_generators.neorv32_sys_reset_inst/rstn_sys                                                                                           |               19 |             70 |         3.68 |
|  design_1_i/clk_wiz_0/inst/clk_out1                                                                                                                                   | design_1_i/neorv32_vivado_ip_0/U0/neorv32_top_inst/core_complex_gen[0].neorv32_cpu_inst/neorv32_cpu_control_inst/ctrl[lsu_mo_en]                                                | design_1_i/neorv32_vivado_ip_0/U0/neorv32_top_inst/soc_generators.neorv32_sys_reset_inst/rstn_sys                                                                                           |               17 |             70 |         4.12 |
|  design_1_i/clk_wiz_0/inst/clk_out1                                                                                                                                   | design_1_i/neorv32_vivado_ip_0/U0/neorv32_top_inst/core_complex_gen[0].neorv32_cpu_inst/neorv32_cpu_control_inst/trap_reg[exc_buf][2]_0[0]                                      | design_1_i/neorv32_vivado_ip_0/U0/neorv32_top_inst/soc_generators.neorv32_sys_reset_inst/rstn_sys                                                                                           |               20 |             71 |         3.55 |
|  design_1_i/clk_wiz_0/inst/clk_out1                                                                                                                                   | design_1_i/neorv32_vivado_ip_0/U0/neorv32_top_inst/io_system.neorv32_cfs_enabled.neorv32_cfs_inst/aes_rk[3]_132                                                                 | design_1_i/neorv32_vivado_ip_0/U0/neorv32_top_inst/soc_generators.neorv32_sys_reset_inst/rstn_sys                                                                                           |               72 |             96 |         1.33 |
|  design_1_i/clk_wiz_0/inst/clk_out1                                                                                                                                   | design_1_i/neorv32_vivado_ip_0/U0/neorv32_top_inst/io_system.neorv32_cfs_enabled.neorv32_cfs_inst/gift_s[3]_107                                                                 | design_1_i/neorv32_vivado_ip_0/U0/neorv32_top_inst/soc_generators.neorv32_sys_reset_inst/rstn_sys                                                                                           |               62 |            128 |         2.06 |
|  design_1_i/clk_wiz_0/inst/clk_out1                                                                                                                                   | design_1_i/neorv32_vivado_ip_0/U0/neorv32_top_inst/io_system.neorv32_cfs_enabled.neorv32_cfs_inst/aes_rk[23]_116                                                                | design_1_i/neorv32_vivado_ip_0/U0/neorv32_top_inst/soc_generators.neorv32_sys_reset_inst/rstn_sys                                                                                           |               47 |            128 |         2.72 |
|  design_1_i/clk_wiz_0/inst/clk_out1                                                                                                                                   | design_1_i/neorv32_vivado_ip_0/U0/neorv32_top_inst/io_system.neorv32_cfs_enabled.neorv32_cfs_inst/aes_rk[39]_118                                                                | design_1_i/neorv32_vivado_ip_0/U0/neorv32_top_inst/soc_generators.neorv32_sys_reset_inst/rstn_sys                                                                                           |               44 |            128 |         2.91 |
|  design_1_i/clk_wiz_0/inst/clk_out1                                                                                                                                   | design_1_i/neorv32_vivado_ip_0/U0/neorv32_top_inst/io_system.neorv32_cfs_enabled.neorv32_cfs_inst/aes_rk[11]_109                                                                | design_1_i/neorv32_vivado_ip_0/U0/neorv32_top_inst/soc_generators.neorv32_sys_reset_inst/rstn_sys                                                                                           |               81 |            128 |         1.58 |
|  design_1_i/clk_wiz_0/inst/clk_out1                                                                                                                                   | design_1_i/neorv32_vivado_ip_0/U0/neorv32_top_inst/io_system.neorv32_cfs_enabled.neorv32_cfs_inst/aes_rk[35]_117                                                                | design_1_i/neorv32_vivado_ip_0/U0/neorv32_top_inst/soc_generators.neorv32_sys_reset_inst/rstn_sys                                                                                           |               42 |            128 |         3.05 |
|  design_1_i/clk_wiz_0/inst/clk_out1                                                                                                                                   | design_1_i/neorv32_vivado_ip_0/U0/neorv32_top_inst/io_system.neorv32_cfs_enabled.neorv32_cfs_inst/aes_rk[15]_115                                                                | design_1_i/neorv32_vivado_ip_0/U0/neorv32_top_inst/soc_generators.neorv32_sys_reset_inst/rstn_sys                                                                                           |               78 |            128 |         1.64 |
|  design_1_i/clk_wiz_0/inst/clk_out1                                                                                                                                   | design_1_i/neorv32_vivado_ip_0/U0/neorv32_top_inst/io_system.neorv32_cfs_enabled.neorv32_cfs_inst/aes_rk[27]_114                                                                | design_1_i/neorv32_vivado_ip_0/U0/neorv32_top_inst/soc_generators.neorv32_sys_reset_inst/rstn_sys                                                                                           |               48 |            128 |         2.67 |
|  design_1_i/clk_wiz_0/inst/clk_out1                                                                                                                                   | design_1_i/neorv32_vivado_ip_0/U0/neorv32_top_inst/io_system.neorv32_cfs_enabled.neorv32_cfs_inst/aes_rk[40][31]_i_1_n_0                                                        | design_1_i/neorv32_vivado_ip_0/U0/neorv32_top_inst/soc_generators.neorv32_sys_reset_inst/rstn_sys                                                                                           |               56 |            128 |         2.29 |
|  design_1_i/clk_wiz_0/inst/clk_out1                                                                                                                                   | design_1_i/neorv32_vivado_ip_0/U0/neorv32_top_inst/io_system.neorv32_cfs_enabled.neorv32_cfs_inst/aes_rk[19]_112                                                                | design_1_i/neorv32_vivado_ip_0/U0/neorv32_top_inst/soc_generators.neorv32_sys_reset_inst/rstn_sys                                                                                           |               83 |            128 |         1.54 |
|  design_1_i/clk_wiz_0/inst/clk_out1                                                                                                                                   | design_1_i/neorv32_vivado_ip_0/U0/neorv32_top_inst/io_system.neorv32_cfs_enabled.neorv32_cfs_inst/gift_kw[127]_i_1_n_0                                                          | design_1_i/neorv32_vivado_ip_0/U0/neorv32_top_inst/soc_generators.neorv32_sys_reset_inst/rstn_sys                                                                                           |               27 |            128 |         4.74 |
|  design_1_i/clk_wiz_0/inst/clk_out1                                                                                                                                   | design_1_i/neorv32_vivado_ip_0/U0/neorv32_top_inst/io_system.neorv32_cfs_enabled.neorv32_cfs_inst/aes_rk[31]_110                                                                | design_1_i/neorv32_vivado_ip_0/U0/neorv32_top_inst/soc_generators.neorv32_sys_reset_inst/rstn_sys                                                                                           |               49 |            128 |         2.61 |
|  design_1_i/clk_wiz_0/inst/clk_out1                                                                                                                                   | design_1_i/neorv32_vivado_ip_0/U0/neorv32_top_inst/io_system.neorv32_cfs_enabled.neorv32_cfs_inst/cfs_dout[3]_119                                                               | design_1_i/neorv32_vivado_ip_0/U0/neorv32_top_inst/soc_generators.neorv32_sys_reset_inst/rstn_sys                                                                                           |               29 |            128 |         4.41 |
|  design_1_i/clk_wiz_0/inst/clk_out1                                                                                                                                   | design_1_i/neorv32_vivado_ip_0/U0/neorv32_top_inst/io_system.neorv32_cfs_enabled.neorv32_cfs_inst/aes_rk[7]_113                                                                 | design_1_i/neorv32_vivado_ip_0/U0/neorv32_top_inst/soc_generators.neorv32_sys_reset_inst/rstn_sys                                                                                           |               57 |            128 |         2.25 |
|  design_1_i/clk_wiz_0/inst/clk_out1                                                                                                                                   | design_1_i/neorv32_vivado_ip_0/U0/neorv32_top_inst/io_system.neorv32_cfs_enabled.neorv32_cfs_inst/aes_rk_prev[1][31]_i_1_n_0                                                    | design_1_i/neorv32_vivado_ip_0/U0/neorv32_top_inst/soc_generators.neorv32_sys_reset_inst/rstn_sys                                                                                           |               74 |            136 |         1.84 |
|  design_1_i/clk_wiz_0/inst/clk_out1                                                                                                                                   | design_1_i/neorv32_vivado_ip_0/U0/neorv32_top_inst/io_system.neorv32_cfs_enabled.neorv32_cfs_inst/aes_s[0]_rep_rep[7]_i_1_n_0                                                   | design_1_i/neorv32_vivado_ip_0/U0/neorv32_top_inst/soc_generators.neorv32_sys_reset_inst/rstn_sys                                                                                           |              106 |            192 |         1.81 |
|  design_1_i/clk_wiz_0/inst/clk_out1                                                                                                                                   |                                                                                                                                                                                 | design_1_i/neorv32_vivado_ip_0/U0/neorv32_top_inst/soc_generators.neorv32_sys_reset_inst/rstn_sys                                                                                           |              236 |            713 |         3.02 |
+-----------------------------------------------------------------------------------------------------------------------------------------------------------------------+---------------------------------------------------------------------------------------------------------------------------------------------------------------------------------+---------------------------------------------------------------------------------------------------------------------------------------------------------------------------------------------+------------------+----------------+--------------+


