Copyright 1986-2022 Xilinx, Inc. All Rights Reserved. Copyright 2022-2025 Advanced Micro Devices, Inc. All Rights Reserved.
--------------------------------------------------------------------------------------------------------------------------------------------------------------------------------------
| Tool Version : Vivado v.2025.1 (win64) Build 6140274 Thu May 22 00:12:29 MDT 2025
| Date         : Wed Apr 22 00:50:59 2026
| Host         : Workstation running 64-bit major release  (build 9200)
| Command      : report_methodology -file design_1_wrapper_methodology_drc_routed.rpt -pb design_1_wrapper_methodology_drc_routed.pb -rpx design_1_wrapper_methodology_drc_routed.rpx
| Design       : design_1_wrapper
| Device       : xc7s50csga324-1
| Speed File   : -1
| Design State : Fully Routed
--------------------------------------------------------------------------------------------------------------------------------------------------------------------------------------

Report Methodology

Table of Contents
-----------------
1. REPORT SUMMARY
2. REPORT DETAILS

1. REPORT SUMMARY
-----------------
            Netlist: netlist
          Floorplan: design_1
      Design limits: <entire design considered>
             Max checks: <unlimited>
             Checks found: 41
+-----------+----------+--------------------------------+--------+
| Rule      | Severity | Description                    | Checks |
+-----------+----------+--------------------------------+--------+
| TIMING-18 | Warning  | Missing input or output delay  | 19     |
| TIMING-20 | Warning  | Non-clocked latch              | 21     |
| LATCH-1   | Advisory | Existing latches in the design | 1      |
+-----------+----------+--------------------------------+--------+

2. REPORT DETAILS
-----------------
TIMING-18#1 Warning
Missing input or output delay  
An input delay is missing on gpio_i_0[0] relative to the rising and/or falling clock edge(s) of clk_100MHz.
Related violations: <none>

TIMING-18#2 Warning
Missing input or output delay  
An input delay is missing on gpio_i_0[1] relative to the rising and/or falling clock edge(s) of clk_100MHz.
Related violations: <none>

TIMING-18#3 Warning
Missing input or output delay  
An input delay is missing on gpio_i_0[2] relative to the rising and/or falling clock edge(s) of clk_100MHz.
Related violations: <none>

TIMING-18#4 Warning
Missing input or output delay  
An input delay is missing on gpio_i_0[3] relative to the rising and/or falling clock edge(s) of clk_100MHz.
Related violations: <none>

TIMING-18#5 Warning
Missing input or output delay  
An input delay is missing on gpio_i_0[4] relative to the rising and/or falling clock edge(s) of clk_100MHz.
Related violations: <none>

TIMING-18#6 Warning
Missing input or output delay  
An input delay is missing on gpio_i_0[5] relative to the rising and/or falling clock edge(s) of clk_100MHz.
Related violations: <none>

TIMING-18#7 Warning
Missing input or output delay  
An input delay is missing on gpio_i_0[6] relative to the rising and/or falling clock edge(s) of clk_100MHz.
Related violations: <none>

TIMING-18#8 Warning
Missing input or output delay  
An input delay is missing on gpio_i_0[7] relative to the rising and/or falling clock edge(s) of clk_100MHz.
Related violations: <none>

TIMING-18#9 Warning
Missing input or output delay  
An input delay is missing on reset_rtl_0 relative to the rising and/or falling clock edge(s) of clk_100MHz.
Related violations: <none>

TIMING-18#10 Warning
Missing input or output delay  
An input delay is missing on uart0_rxd_i_0 relative to the rising and/or falling clock edge(s) of clk_100MHz.
Related violations: <none>

TIMING-18#11 Warning
Missing input or output delay  
An output delay is missing on gpio_o_0[0] relative to the rising and/or falling clock edge(s) of clk_100MHz.
Related violations: <none>

TIMING-18#12 Warning
Missing input or output delay  
An output delay is missing on gpio_o_0[1] relative to the rising and/or falling clock edge(s) of clk_100MHz.
Related violations: <none>

TIMING-18#13 Warning
Missing input or output delay  
An output delay is missing on gpio_o_0[2] relative to the rising and/or falling clock edge(s) of clk_100MHz.
Related violations: <none>

TIMING-18#14 Warning
Missing input or output delay  
An output delay is missing on gpio_o_0[3] relative to the rising and/or falling clock edge(s) of clk_100MHz.
Related violations: <none>

TIMING-18#15 Warning
Missing input or output delay  
An output delay is missing on gpio_o_0[4] relative to the rising and/or falling clock edge(s) of clk_100MHz.
Related violations: <none>

TIMING-18#16 Warning
Missing input or output delay  
An output delay is missing on gpio_o_0[5] relative to the rising and/or falling clock edge(s) of clk_100MHz.
Related violations: <none>

TIMING-18#17 Warning
Missing input or output delay  
An output delay is missing on gpio_o_0[6] relative to the rising and/or falling clock edge(s) of clk_100MHz.
Related violations: <none>

TIMING-18#18 Warning
Missing input or output delay  
An output delay is missing on gpio_o_0[7] relative to the rising and/or falling clock edge(s) of clk_100MHz.
Related violations: <none>

TIMING-18#19 Warning
Missing input or output delay  
An output delay is missing on uart0_txd_o_0 relative to the rising and/or falling clock edge(s) of clk_100MHz.
Related violations: <none>

TIMING-20#1 Warning
Non-clocked latch  
The latch design_1_i/neorv32_vivado_ip_0/U0/neorv32_top_inst/io_system.neorv32_trng_enabled.neorv32_trng_inst/neoTRNG_inst/entropy_cell_gen[0].neoTRNG_cell_inst/ring_osc_gen[0].latch_reg[0] cannot be properly analyzed as its control pin design_1_i/neorv32_vivado_ip_0/U0/neorv32_top_inst/io_system.neorv32_trng_enabled.neorv32_trng_inst/neoTRNG_inst/entropy_cell_gen[0].neoTRNG_cell_inst/ring_osc_gen[0].latch_reg[0]/G is not reached by a timing clock
Related violations: <none>

TIMING-20#2 Warning
Non-clocked latch  
The latch design_1_i/neorv32_vivado_ip_0/U0/neorv32_top_inst/io_system.neorv32_trng_enabled.neorv32_trng_inst/neoTRNG_inst/entropy_cell_gen[0].neoTRNG_cell_inst/ring_osc_gen[1].latch_reg[1] cannot be properly analyzed as its control pin design_1_i/neorv32_vivado_ip_0/U0/neorv32_top_inst/io_system.neorv32_trng_enabled.neorv32_trng_inst/neoTRNG_inst/entropy_cell_gen[0].neoTRNG_cell_inst/ring_osc_gen[1].latch_reg[1]/G is not reached by a timing clock
Related violations: <none>

TIMING-20#3 Warning
Non-clocked latch  
The latch design_1_i/neorv32_vivado_ip_0/U0/neorv32_top_inst/io_system.neorv32_trng_enabled.neorv32_trng_inst/neoTRNG_inst/entropy_cell_gen[0].neoTRNG_cell_inst/ring_osc_gen[2].latch_reg[2] cannot be properly analyzed as its control pin design_1_i/neorv32_vivado_ip_0/U0/neorv32_top_inst/io_system.neorv32_trng_enabled.neorv32_trng_inst/neoTRNG_inst/entropy_cell_gen[0].neoTRNG_cell_inst/ring_osc_gen[2].latch_reg[2]/G is not reached by a timing clock
Related violations: <none>

TIMING-20#4 Warning
Non-clocked latch  
The latch design_1_i/neorv32_vivado_ip_0/U0/neorv32_top_inst/io_system.neorv32_trng_enabled.neorv32_trng_inst/neoTRNG_inst/entropy_cell_gen[0].neoTRNG_cell_inst/ring_osc_gen[3].latch_reg[3] cannot be properly analyzed as its control pin design_1_i/neorv32_vivado_ip_0/U0/neorv32_top_inst/io_system.neorv32_trng_enabled.neorv32_trng_inst/neoTRNG_inst/entropy_cell_gen[0].neoTRNG_cell_inst/ring_osc_gen[3].latch_reg[3]/G is not reached by a timing clock
Related violations: <none>

TIMING-20#5 Warning
Non-clocked latch  
The latch design_1_i/neorv32_vivado_ip_0/U0/neorv32_top_inst/io_system.neorv32_trng_enabled.neorv32_trng_inst/neoTRNG_inst/entropy_cell_gen[0].neoTRNG_cell_inst/ring_osc_gen[4].latch_reg[4] cannot be properly analyzed as its control pin design_1_i/neorv32_vivado_ip_0/U0/neorv32_top_inst/io_system.neorv32_trng_enabled.neorv32_trng_inst/neoTRNG_inst/entropy_cell_gen[0].neoTRNG_cell_inst/ring_osc_gen[4].latch_reg[4]/G is not reached by a timing clock
Related violations: <none>

TIMING-20#6 Warning
Non-clocked latch  
The latch design_1_i/neorv32_vivado_ip_0/U0/neorv32_top_inst/io_system.neorv32_trng_enabled.neorv32_trng_inst/neoTRNG_inst/entropy_cell_gen[1].neoTRNG_cell_inst/ring_osc_gen[0].latch_reg[0] cannot be properly analyzed as its control pin design_1_i/neorv32_vivado_ip_0/U0/neorv32_top_inst/io_system.neorv32_trng_enabled.neorv32_trng_inst/neoTRNG_inst/entropy_cell_gen[1].neoTRNG_cell_inst/ring_osc_gen[0].latch_reg[0]/G is not reached by a timing clock
Related violations: <none>

TIMING-20#7 Warning
Non-clocked latch  
The latch design_1_i/neorv32_vivado_ip_0/U0/neorv32_top_inst/io_system.neorv32_trng_enabled.neorv32_trng_inst/neoTRNG_inst/entropy_cell_gen[1].neoTRNG_cell_inst/ring_osc_gen[1].latch_reg[1] cannot be properly analyzed as its control pin design_1_i/neorv32_vivado_ip_0/U0/neorv32_top_inst/io_system.neorv32_trng_enabled.neorv32_trng_inst/neoTRNG_inst/entropy_cell_gen[1].neoTRNG_cell_inst/ring_osc_gen[1].latch_reg[1]/G is not reached by a timing clock
Related violations: <none>

TIMING-20#8 Warning
Non-clocked latch  
The latch design_1_i/neorv32_vivado_ip_0/U0/neorv32_top_inst/io_system.neorv32_trng_enabled.neorv32_trng_inst/neoTRNG_inst/entropy_cell_gen[1].neoTRNG_cell_inst/ring_osc_gen[2].latch_reg[2] cannot be properly analyzed as its control pin design_1_i/neorv32_vivado_ip_0/U0/neorv32_top_inst/io_system.neorv32_trng_enabled.neorv32_trng_inst/neoTRNG_inst/entropy_cell_gen[1].neoTRNG_cell_inst/ring_osc_gen[2].latch_reg[2]/G is not reached by a timing clock
Related violations: <none>

TIMING-20#9 Warning
Non-clocked latch  
The latch design_1_i/neorv32_vivado_ip_0/U0/neorv32_top_inst/io_system.neorv32_trng_enabled.neorv32_trng_inst/neoTRNG_inst/entropy_cell_gen[1].neoTRNG_cell_inst/ring_osc_gen[3].latch_reg[3] cannot be properly analyzed as its control pin design_1_i/neorv32_vivado_ip_0/U0/neorv32_top_inst/io_system.neorv32_trng_enabled.neorv32_trng_inst/neoTRNG_inst/entropy_cell_gen[1].neoTRNG_cell_inst/ring_osc_gen[3].latch_reg[3]/G is not reached by a timing clock
Related violations: <none>

TIMING-20#10 Warning
Non-clocked latch  
The latch design_1_i/neorv32_vivado_ip_0/U0/neorv32_top_inst/io_system.neorv32_trng_enabled.neorv32_trng_inst/neoTRNG_inst/entropy_cell_gen[1].neoTRNG_cell_inst/ring_osc_gen[4].latch_reg[4] cannot be properly analyzed as its control pin design_1_i/neorv32_vivado_ip_0/U0/neorv32_top_inst/io_system.neorv32_trng_enabled.neorv32_trng_inst/neoTRNG_inst/entropy_cell_gen[1].neoTRNG_cell_inst/ring_osc_gen[4].latch_reg[4]/G is not reached by a timing clock
Related violations: <none>

TIMING-20#11 Warning
Non-clocked latch  
The latch design_1_i/neorv32_vivado_ip_0/U0/neorv32_top_inst/io_system.neorv32_trng_enabled.neorv32_trng_inst/neoTRNG_inst/entropy_cell_gen[1].neoTRNG_cell_inst/ring_osc_gen[5].latch_reg[5] cannot be properly analyzed as its control pin design_1_i/neorv32_vivado_ip_0/U0/neorv32_top_inst/io_system.neorv32_trng_enabled.neorv32_trng_inst/neoTRNG_inst/entropy_cell_gen[1].neoTRNG_cell_inst/ring_osc_gen[5].latch_reg[5]/G is not reached by a timing clock
Related violations: <none>

TIMING-20#12 Warning
Non-clocked latch  
The latch design_1_i/neorv32_vivado_ip_0/U0/neorv32_top_inst/io_system.neorv32_trng_enabled.neorv32_trng_inst/neoTRNG_inst/entropy_cell_gen[1].neoTRNG_cell_inst/ring_osc_gen[6].latch_reg[6] cannot be properly analyzed as its control pin design_1_i/neorv32_vivado_ip_0/U0/neorv32_top_inst/io_system.neorv32_trng_enabled.neorv32_trng_inst/neoTRNG_inst/entropy_cell_gen[1].neoTRNG_cell_inst/ring_osc_gen[6].latch_reg[6]/G is not reached by a timing clock
Related violations: <none>

TIMING-20#13 Warning
Non-clocked latch  
The latch design_1_i/neorv32_vivado_ip_0/U0/neorv32_top_inst/io_system.neorv32_trng_enabled.neorv32_trng_inst/neoTRNG_inst/entropy_cell_gen[2].neoTRNG_cell_inst/ring_osc_gen[0].latch_reg[0] cannot be properly analyzed as its control pin design_1_i/neorv32_vivado_ip_0/U0/neorv32_top_inst/io_system.neorv32_trng_enabled.neorv32_trng_inst/neoTRNG_inst/entropy_cell_gen[2].neoTRNG_cell_inst/ring_osc_gen[0].latch_reg[0]/G is not reached by a timing clock
Related violations: <none>

TIMING-20#14 Warning
Non-clocked latch  
The latch design_1_i/neorv32_vivado_ip_0/U0/neorv32_top_inst/io_system.neorv32_trng_enabled.neorv32_trng_inst/neoTRNG_inst/entropy_cell_gen[2].neoTRNG_cell_inst/ring_osc_gen[1].latch_reg[1] cannot be properly analyzed as its control pin design_1_i/neorv32_vivado_ip_0/U0/neorv32_top_inst/io_system.neorv32_trng_enabled.neorv32_trng_inst/neoTRNG_inst/entropy_cell_gen[2].neoTRNG_cell_inst/ring_osc_gen[1].latch_reg[1]/G is not reached by a timing clock
Related violations: <none>

TIMING-20#15 Warning
Non-clocked latch  
The latch design_1_i/neorv32_vivado_ip_0/U0/neorv32_top_inst/io_system.neorv32_trng_enabled.neorv32_trng_inst/neoTRNG_inst/entropy_cell_gen[2].neoTRNG_cell_inst/ring_osc_gen[2].latch_reg[2] cannot be properly analyzed as its control pin design_1_i/neorv32_vivado_ip_0/U0/neorv32_top_inst/io_system.neorv32_trng_enabled.neorv32_trng_inst/neoTRNG_inst/entropy_cell_gen[2].neoTRNG_cell_inst/ring_osc_gen[2].latch_reg[2]/G is not reached by a timing clock
Related violations: <none>

TIMING-20#16 Warning
Non-clocked latch  
The latch design_1_i/neorv32_vivado_ip_0/U0/neorv32_top_inst/io_system.neorv32_trng_enabled.neorv32_trng_inst/neoTRNG_inst/entropy_cell_gen[2].neoTRNG_cell_inst/ring_osc_gen[3].latch_reg[3] cannot be properly analyzed as its control pin design_1_i/neorv32_vivado_ip_0/U0/neorv32_top_inst/io_system.neorv32_trng_enabled.neorv32_trng_inst/neoTRNG_inst/entropy_cell_gen[2].neoTRNG_cell_inst/ring_osc_gen[3].latch_reg[3]/G is not reached by a timing clock
Related violations: <none>

TIMING-20#17 Warning
Non-clocked latch  
The latch design_1_i/neorv32_vivado_ip_0/U0/neorv32_top_inst/io_system.neorv32_trng_enabled.neorv32_trng_inst/neoTRNG_inst/entropy_cell_gen[2].neoTRNG_cell_inst/ring_osc_gen[4].latch_reg[4] cannot be properly analyzed as its control pin design_1_i/neorv32_vivado_ip_0/U0/neorv32_top_inst/io_system.neorv32_trng_enabled.neorv32_trng_inst/neoTRNG_inst/entropy_cell_gen[2].neoTRNG_cell_inst/ring_osc_gen[4].latch_reg[4]/G is not reached by a timing clock
Related violations: <none>

TIMING-20#18 Warning
Non-clocked latch  
The latch design_1_i/neorv32_vivado_ip_0/U0/neorv32_top_inst/io_system.neorv32_trng_enabled.neorv32_trng_inst/neoTRNG_inst/entropy_cell_gen[2].neoTRNG_cell_inst/ring_osc_gen[5].latch_reg[5] cannot be properly analyzed as its control pin design_1_i/neorv32_vivado_ip_0/U0/neorv32_top_inst/io_system.neorv32_trng_enabled.neorv32_trng_inst/neoTRNG_inst/entropy_cell_gen[2].neoTRNG_cell_inst/ring_osc_gen[5].latch_reg[5]/G is not reached by a timing clock
Related violations: <none>

TIMING-20#19 Warning
Non-clocked latch  
The latch design_1_i/neorv32_vivado_ip_0/U0/neorv32_top_inst/io_system.neorv32_trng_enabled.neorv32_trng_inst/neoTRNG_inst/entropy_cell_gen[2].neoTRNG_cell_inst/ring_osc_gen[6].latch_reg[6] cannot be properly analyzed as its control pin design_1_i/neorv32_vivado_ip_0/U0/neorv32_top_inst/io_system.neorv32_trng_enabled.neorv32_trng_inst/neoTRNG_inst/entropy_cell_gen[2].neoTRNG_cell_inst/ring_osc_gen[6].latch_reg[6]/G is not reached by a timing clock
Related violations: <none>

TIMING-20#20 Warning
Non-clocked latch  
The latch design_1_i/neorv32_vivado_ip_0/U0/neorv32_top_inst/io_system.neorv32_trng_enabled.neorv32_trng_inst/neoTRNG_inst/entropy_cell_gen[2].neoTRNG_cell_inst/ring_osc_gen[7].latch_reg[7] cannot be properly analyzed as its control pin design_1_i/neorv32_vivado_ip_0/U0/neorv32_top_inst/io_system.neorv32_trng_enabled.neorv32_trng_inst/neoTRNG_inst/entropy_cell_gen[2].neoTRNG_cell_inst/ring_osc_gen[7].latch_reg[7]/G is not reached by a timing clock
Related violations: <none>

TIMING-20#21 Warning
Non-clocked latch  
The latch design_1_i/neorv32_vivado_ip_0/U0/neorv32_top_inst/io_system.neorv32_trng_enabled.neorv32_trng_inst/neoTRNG_inst/entropy_cell_gen[2].neoTRNG_cell_inst/ring_osc_gen[8].latch_reg[8] cannot be properly analyzed as its control pin design_1_i/neorv32_vivado_ip_0/U0/neorv32_top_inst/io_system.neorv32_trng_enabled.neorv32_trng_inst/neoTRNG_inst/entropy_cell_gen[2].neoTRNG_cell_inst/ring_osc_gen[8].latch_reg[8]/G is not reached by a timing clock
Related violations: <none>

LATCH-1#1 Advisory
Existing latches in the design  
There are 21 latches found in the design. Inferred latches are often the result of HDL coding mistakes, such as incomplete if or case statements.
Related violations: <none>


