#-----------------------------------------------------------
# Vivado v2025.1 (64-bit)
# SW Build 6140274 on Thu May 22 00:12:29 MDT 2025
# IP Build 6138677 on Thu May 22 03:10:11 MDT 2025
# SharedData Build 6139179 on Tue May 20 17:58:58 MDT 2025
# Start of session at: Tue Apr 21 19:55:16 2026
# Process ID         : 39900
# Current directory  : B:/Classes/soc/finalSOC/final
# Command line       : vivado.exe -gui_launcher_event rodinguilauncherevent39416 B:\Classes\soc\finalSOC\final\final.xpr
# Log file           : B:/Classes/soc/finalSOC/final/vivado.log
# Journal file       : B:/Classes/soc/finalSOC/final\vivado.jou
# Running On         : Workstation
# Platform           : Windows Server 2016 or Windows 10
# Operating System   : 19045
# Processor Detail   : AMD Ryzen 9 5950X 16-Core Processor            
# CPU Frequency      : 3400 MHz
# CPU Physical cores : 16
# CPU Logical cores  : 32
# Host memory        : 137340 MB
# Swap memory        : 33285 MB
# Total Virtual      : 170626 MB
# Available Virtual  : 137486 MB
#-----------------------------------------------------------
start_gui
open_project B:/Classes/soc/finalSOC/final/final.xpr
update_compile_order -fileset sources_1
open_bd_design {B:/Classes/soc/finalSOC/final/final.srcs/sources_1/bd/design_1/design_1.bd}
startgroup
set_property -dict [list \
  CONFIG.IO_CFS_EN {true} \
  CONFIG.IO_TRNG_EN {true} \
  CONFIG.RISCV_ISA_Zknd {true} \
  CONFIG.RISCV_ISA_Zkne {true} \
] [get_bd_cells neorv32_vivado_ip_0]
endgroup
startgroup
create_bd_cell -type ip -vlnv xilinx.com:ip:xlconstant:1.1 xlconstant_0
endgroup
connect_bd_net [get_bd_pins neorv32_vivado_ip_0/cfs_in_i] [get_bd_pins xlconstant_0/dout]
startgroup
set_property -dict [list \
  CONFIG.CONST_VAL {0} \
  CONFIG.CONST_WIDTH {256} \
] [get_bd_cells xlconstant_0]
endgroup
save_bd_design
reset_run synth_1
reset_run impl_1
launch_runs impl_1 -jobs 16
wait_on_run impl_1
launch_runs impl_1 -to_step write_bitstream -jobs 16
wait_on_run impl_1
open_hw_manager
connect_hw_server -allow_non_jtag
open_hw_target
set_property PROGRAM.FILE {B:/Classes/soc/finalSOC/final/final.runs/impl_1/design_1_wrapper.bit} [get_hw_devices xc7s50_0]
current_hw_device [get_hw_devices xc7s50_0]
refresh_hw_device -update_hw_probes false [lindex [get_hw_devices xc7s50_0] 0]
set_property PROBES.FILE {} [get_hw_devices xc7s50_0]
set_property FULL_PROBES.FILE {} [get_hw_devices xc7s50_0]
set_property PROGRAM.FILE {B:/Classes/soc/finalSOC/final/final.runs/impl_1/design_1_wrapper.bit} [get_hw_devices xc7s50_0]
program_hw_devices [get_hw_devices xc7s50_0]
refresh_hw_device [lindex [get_hw_devices xc7s50_0] 0]
open_bd_design {B:/Classes/soc/finalSOC/final/final.srcs/sources_1/bd/design_1/design_1.bd}
refresh_hw_device [lindex [get_hw_devices xc7s50_0] 0]
set_property PROBES.FILE {} [get_hw_devices xc7s50_0]
set_property FULL_PROBES.FILE {} [get_hw_devices xc7s50_0]
set_property PROGRAM.FILE {B:/Classes/soc/finalSOC/final/final.runs/impl_1/design_1_wrapper.bit} [get_hw_devices xc7s50_0]
program_hw_devices [get_hw_devices xc7s50_0]
refresh_hw_device [lindex [get_hw_devices xc7s50_0] 0]
open_bd_design {B:/Classes/soc/finalSOC/final/final.srcs/sources_1/bd/design_1/design_1.bd}
set_property PROBES.FILE {} [get_hw_devices xc7s50_0]
set_property FULL_PROBES.FILE {} [get_hw_devices xc7s50_0]
set_property PROGRAM.FILE {B:/Classes/soc/finalSOC/final/final.runs/impl_1/design_1_wrapper.bit} [get_hw_devices xc7s50_0]
program_hw_devices [get_hw_devices xc7s50_0]
refresh_hw_device [lindex [get_hw_devices xc7s50_0] 0]
open_bd_design {B:/Classes/soc/finalSOC/final/final.srcs/sources_1/bd/design_1/design_1.bd}
report_ip_status -name ip_status 
update_ip_catalog -rebuild -scan_changes
report_ip_status -name ip_status
set_property USER_LOCKED 1 [get_ips design_1_xlconstant_0_0]
upgrade_ip -vlnv NEORV32:user:neorv32_vivado_ip:1.0 [get_ips  design_1_neorv32_vivado_ip_0_2] -log ip_upgrade.log
export_ip_user_files -of_objects [get_ips design_1_neorv32_vivado_ip_0_2] -no_script -sync -force -quiet
generate_target all [get_files  B:/Classes/soc/finalSOC/final/final.srcs/sources_1/bd/design_1/design_1.bd]
export_ip_user_files -of_objects [get_files B:/Classes/soc/finalSOC/final/final.srcs/sources_1/bd/design_1/design_1.bd] -no_script -sync -force -quiet
export_simulation -lib_map_path [list {modelsim=B:/Classes/soc/finalSOC/final/final.cache/compile_simlib/modelsim} {questa=B:/Classes/soc/finalSOC/final/final.cache/compile_simlib/questa} {riviera=B:/Classes/soc/finalSOC/final/final.cache/compile_simlib/riviera} {activehdl=B:/Classes/soc/finalSOC/final/final.cache/compile_simlib/activehdl}] -of_objects [get_files B:/Classes/soc/finalSOC/final/final.srcs/sources_1/bd/design_1/design_1.bd] -directory B:/Classes/soc/finalSOC/final/final.ip_user_files/sim_scripts -ip_user_files_dir B:/Classes/soc/finalSOC/final/final.ip_user_files -ipstatic_source_dir B:/Classes/soc/finalSOC/final/final.ip_user_files/ipstatic -use_ip_compiled_libs -force -quiet
report_ip_status -name ip_status 
reset_run synth_1
launch_runs impl_1 -to_step write_bitstream -jobs 16
wait_on_run impl_1
open_bd_design {B:/Classes/soc/finalSOC/final/final.srcs/sources_1/bd/design_1/design_1.bd}
update_ip_catalog -rebuild -scan_changes
report_ip_status -name ip_status
upgrade_ip -vlnv NEORV32:user:neorv32_vivado_ip:1.0 [get_ips  design_1_neorv32_vivado_ip_0_2] -log ip_upgrade.log
export_ip_user_files -of_objects [get_ips design_1_neorv32_vivado_ip_0_2] -no_script -sync -force -quiet
generate_target all [get_files  B:/Classes/soc/finalSOC/final/final.srcs/sources_1/bd/design_1/design_1.bd]
export_ip_user_files -of_objects [get_files B:/Classes/soc/finalSOC/final/final.srcs/sources_1/bd/design_1/design_1.bd] -no_script -sync -force -quiet
export_simulation -lib_map_path [list {modelsim=B:/Classes/soc/finalSOC/final/final.cache/compile_simlib/modelsim} {questa=B:/Classes/soc/finalSOC/final/final.cache/compile_simlib/questa} {riviera=B:/Classes/soc/finalSOC/final/final.cache/compile_simlib/riviera} {activehdl=B:/Classes/soc/finalSOC/final/final.cache/compile_simlib/activehdl}] -of_objects [get_files B:/Classes/soc/finalSOC/final/final.srcs/sources_1/bd/design_1/design_1.bd] -directory B:/Classes/soc/finalSOC/final/final.ip_user_files/sim_scripts -ip_user_files_dir B:/Classes/soc/finalSOC/final/final.ip_user_files -ipstatic_source_dir B:/Classes/soc/finalSOC/final/final.ip_user_files/ipstatic -use_ip_compiled_libs -force -quiet
report_ip_status -name ip_status 
reset_run synth_1
launch_runs synth_1 -jobs 16
wait_on_run synth_1
update_ip_catalog -rebuild -scan_changes
report_ip_status -name ip_status
upgrade_ip -vlnv NEORV32:user:neorv32_vivado_ip:1.0 [get_ips  design_1_neorv32_vivado_ip_0_2] -log ip_upgrade.log
export_ip_user_files -of_objects [get_ips design_1_neorv32_vivado_ip_0_2] -no_script -sync -force -quiet
report_ip_status -name ip_status 
reset_run synth_1
launch_runs synth_1 -jobs 16
wait_on_run synth_1
reset_run synth_1
launch_runs synth_1 -jobs 16
wait_on_run synth_1
launch_runs impl_1 -jobs 16
wait_on_run impl_1
launch_runs impl_1 -to_step write_bitstream -jobs 16
wait_on_run impl_1
open_run impl_1
set_property PROBES.FILE {} [get_hw_devices xc7s50_0]
set_property FULL_PROBES.FILE {} [get_hw_devices xc7s50_0]
set_property PROGRAM.FILE {B:/Classes/soc/finalSOC/final/final.runs/impl_1/design_1_wrapper.bit} [get_hw_devices xc7s50_0]
program_hw_devices [get_hw_devices xc7s50_0]
refresh_hw_device [lindex [get_hw_devices xc7s50_0] 0]
report_timing_summary -delay_type min_max -report_unconstrained -check_timing_verbose -max_paths 10 -input_pins -routable_nets -name timing_1
update_ip_catalog -rebuild -scan_changes
report_ip_status -name ip_status
upgrade_ip -vlnv NEORV32:user:neorv32_vivado_ip:1.0 [get_ips  design_1_neorv32_vivado_ip_0_2] -log ip_upgrade.log
export_ip_user_files -of_objects [get_ips design_1_neorv32_vivado_ip_0_2] -no_script -sync -force -quiet
generate_target all [get_files  B:/Classes/soc/finalSOC/final/final.srcs/sources_1/bd/design_1/design_1.bd]
export_ip_user_files -of_objects [get_files B:/Classes/soc/finalSOC/final/final.srcs/sources_1/bd/design_1/design_1.bd] -no_script -sync -force -quiet
export_simulation -lib_map_path [list {modelsim=B:/Classes/soc/finalSOC/final/final.cache/compile_simlib/modelsim} {questa=B:/Classes/soc/finalSOC/final/final.cache/compile_simlib/questa} {riviera=B:/Classes/soc/finalSOC/final/final.cache/compile_simlib/riviera} {activehdl=B:/Classes/soc/finalSOC/final/final.cache/compile_simlib/activehdl}] -of_objects [get_files B:/Classes/soc/finalSOC/final/final.srcs/sources_1/bd/design_1/design_1.bd] -directory B:/Classes/soc/finalSOC/final/final.ip_user_files/sim_scripts -ip_user_files_dir B:/Classes/soc/finalSOC/final/final.ip_user_files -ipstatic_source_dir B:/Classes/soc/finalSOC/final/final.ip_user_files/ipstatic -use_ip_compiled_libs -force -quiet
report_ip_status -name ip_status 
reset_run synth_1
launch_runs synth_1 -jobs 16
wait_on_run synth_1
reset_run synth_1
launch_runs synth_1 -jobs 16
wait_on_run synth_1
launch_runs impl_1 -jobs 16
wait_on_run impl_1
refresh_design
launch_runs impl_1 -to_step write_bitstream -jobs 16
wait_on_run impl_1
disconnect_hw_server localhost:3121
connect_hw_server -allow_non_jtag
disconnect_hw_server localhost:3121
connect_hw_server -allow_non_jtag
open_hw_target
set_property PROGRAM.FILE {B:/Classes/soc/finalSOC/final/final.runs/impl_1/design_1_wrapper.bit} [get_hw_devices xc7s50_0]
current_hw_device [get_hw_devices xc7s50_0]
refresh_hw_device -update_hw_probes false [lindex [get_hw_devices xc7s50_0] 0]
set_property PROBES.FILE {} [get_hw_devices xc7s50_0]
set_property FULL_PROBES.FILE {} [get_hw_devices xc7s50_0]
set_property PROGRAM.FILE {B:/Classes/soc/finalSOC/final/final.runs/impl_1/design_1_wrapper.bit} [get_hw_devices xc7s50_0]
program_hw_devices [get_hw_devices xc7s50_0]
refresh_hw_device [lindex [get_hw_devices xc7s50_0] 0]
set_property PROBES.FILE {} [get_hw_devices xc7s50_0]
set_property FULL_PROBES.FILE {} [get_hw_devices xc7s50_0]
set_property PROGRAM.FILE {B:/Classes/soc/finalSOC/final/final.runs/impl_1/design_1_wrapper.bit} [get_hw_devices xc7s50_0]
program_hw_devices [get_hw_devices xc7s50_0]
refresh_hw_device [lindex [get_hw_devices xc7s50_0] 0]
set_property PROBES.FILE {} [get_hw_devices xc7s50_0]
set_property FULL_PROBES.FILE {} [get_hw_devices xc7s50_0]
set_property PROGRAM.FILE {B:/Classes/soc/finalSOC/final/final.runs/impl_1/design_1_wrapper.bit} [get_hw_devices xc7s50_0]
program_hw_devices [get_hw_devices xc7s50_0]
refresh_hw_device [lindex [get_hw_devices xc7s50_0] 0]
set_property PROBES.FILE {} [get_hw_devices xc7s50_0]
set_property FULL_PROBES.FILE {} [get_hw_devices xc7s50_0]
set_property PROGRAM.FILE {B:/Classes/soc/finalSOC/final/final.runs/impl_1/design_1_wrapper.bit} [get_hw_devices xc7s50_0]
program_hw_devices [get_hw_devices xc7s50_0]
refresh_hw_device [lindex [get_hw_devices xc7s50_0] 0]
set_property PROBES.FILE {} [get_hw_devices xc7s50_0]
set_property FULL_PROBES.FILE {} [get_hw_devices xc7s50_0]
set_property PROGRAM.FILE {B:/Classes/soc/finalSOC/final/final.runs/impl_1/design_1_wrapper.bit} [get_hw_devices xc7s50_0]
program_hw_devices [get_hw_devices xc7s50_0]
refresh_hw_device [lindex [get_hw_devices xc7s50_0] 0]
open_bd_design {B:/Classes/soc/finalSOC/final/final.srcs/sources_1/bd/design_1/design_1.bd}
startgroup
set_property -dict [list \
  CONFIG.BOOT_MODE_SELECT {2} \
  CONFIG.DMEM_EN {true} \
  CONFIG.DMEM_SIZE {32768} \
  CONFIG.IMEM_EN {true} \
] [get_bd_cells neorv32_vivado_ip_0]
endgroup
save_bd_design
reset_run synth_1
launch_runs impl_1 -to_step write_bitstream -jobs 16
wait_on_run impl_1
set_property PROBES.FILE {} [get_hw_devices xc7s50_0]
set_property FULL_PROBES.FILE {} [get_hw_devices xc7s50_0]
set_property PROGRAM.FILE {B:/Classes/soc/finalSOC/final/final.runs/impl_1/design_1_wrapper.bit} [get_hw_devices xc7s50_0]
program_hw_devices [get_hw_devices xc7s50_0]
refresh_hw_device [lindex [get_hw_devices xc7s50_0] 0]
open_bd_design {B:/Classes/soc/finalSOC/final/final.srcs/sources_1/bd/design_1/design_1.bd}
startgroup
set_property CONFIG.RISCV_ISA_Zicntr {true} [get_bd_cells neorv32_vivado_ip_0]
endgroup
save_bd_design
reset_run synth_1
launch_runs synth_1 -jobs 16
wait_on_run synth_1
launch_runs impl_1 -jobs 16
wait_on_run impl_1
launch_runs impl_1 -to_step write_bitstream -jobs 16
wait_on_run impl_1
set_property PROBES.FILE {} [get_hw_devices xc7s50_0]
set_property FULL_PROBES.FILE {} [get_hw_devices xc7s50_0]
set_property PROGRAM.FILE {B:/Classes/soc/finalSOC/final/final.runs/impl_1/design_1_wrapper.bit} [get_hw_devices xc7s50_0]
program_hw_devices [get_hw_devices xc7s50_0]
refresh_hw_device [lindex [get_hw_devices xc7s50_0] 0]
reset_run impl_1 -prev_step 
launch_runs impl_1 -to_step write_bitstream -jobs 16
wait_on_run impl_1
reset_run synth_1
launch_runs synth_1 -jobs 16
wait_on_run synth_1
launch_runs impl_1 -jobs 16
wait_on_run impl_1
launch_runs impl_1 -to_step write_bitstream -jobs 16
wait_on_run impl_1
set_property PROBES.FILE {} [get_hw_devices xc7s50_0]
set_property FULL_PROBES.FILE {} [get_hw_devices xc7s50_0]
set_property PROGRAM.FILE {B:/Classes/soc/finalSOC/final/final.runs/impl_1/design_1_wrapper.bit} [get_hw_devices xc7s50_0]
program_hw_devices [get_hw_devices xc7s50_0]
refresh_hw_device [lindex [get_hw_devices xc7s50_0] 0]
reset_run impl_1 -prev_step 
launch_runs impl_1 -to_step write_bitstream -jobs 16
wait_on_run impl_1
open_bd_design {B:/Classes/soc/finalSOC/final/final.srcs/sources_1/bd/design_1/design_1.bd}
startgroup
set_property CONFIG.IMEM_SIZE {32768} [get_bd_cells neorv32_vivado_ip_0]
endgroup
save_bd_design
reset_run synth_1
launch_runs impl_1 -to_step write_bitstream -jobs 16
wait_on_run impl_1
set_property PROBES.FILE {} [get_hw_devices xc7s50_0]
set_property FULL_PROBES.FILE {} [get_hw_devices xc7s50_0]
set_property PROGRAM.FILE {B:/Classes/soc/finalSOC/final/final.runs/impl_1/design_1_wrapper.bit} [get_hw_devices xc7s50_0]
program_hw_devices [get_hw_devices xc7s50_0]
refresh_hw_device [lindex [get_hw_devices xc7s50_0] 0]
reset_run synth_1
launch_runs synth_1 -jobs 16
wait_on_run synth_1
launch_runs impl_1 -jobs 16
wait_on_run impl_1
launch_runs impl_1 -to_step write_bitstream -jobs 16
wait_on_run impl_1
set_property PROBES.FILE {} [get_hw_devices xc7s50_0]
set_property FULL_PROBES.FILE {} [get_hw_devices xc7s50_0]
set_property PROGRAM.FILE {B:/Classes/soc/finalSOC/final/final.runs/impl_1/design_1_wrapper.bit} [get_hw_devices xc7s50_0]
program_hw_devices [get_hw_devices xc7s50_0]
refresh_hw_device [lindex [get_hw_devices xc7s50_0] 0]
reset_run impl_1 -prev_step 
launch_runs impl_1 -to_step write_bitstream -jobs 16
wait_on_run impl_1
reset_run synth_1
launch_runs synth_1 -jobs 16
wait_on_run synth_1
launch_runs impl_1 -jobs 16
wait_on_run impl_1
launch_runs impl_1 -to_step write_bitstream -jobs 16
wait_on_run impl_1
set_property PROBES.FILE {} [get_hw_devices xc7s50_0]
set_property FULL_PROBES.FILE {} [get_hw_devices xc7s50_0]
set_property PROGRAM.FILE {B:/Classes/soc/finalSOC/final/final.runs/impl_1/design_1_wrapper.bit} [get_hw_devices xc7s50_0]
program_hw_devices [get_hw_devices xc7s50_0]
refresh_hw_device [lindex [get_hw_devices xc7s50_0] 0]
